<?xml version="1.0" encoding="utf-8"?>
<TestRun id="a8536dbe-0594-4e5c-97ca-0170ee22a2e2" name="manh@MTM 2026-09-08 13:18:17" runUser="MTM\manh" xmlns="http://microsoft.com/schemas/VisualStudio/TeamTest/2010">
  <Times creation="2026-09-08T13:18:17.3314592+07:00" queuing="2026-09-08T13:18:17.3314596+07:00" start="2026-09-08T13:18:15.3677621+07:00" finish="2026-09-08T13:18:22.0665389+07:00" />
  <TestSettings name="default" id="1c6a6b7b-e8f9-43ce-92d2-5f0c1bc1282e">
    <Deployment runDeploymentRoot="manh_MTM_2026-09-08_13_18_17" />
  </TestSettings>
  <Results>
    <UnitTestResult executionId="375d5dc1-81d4-4323-bf01-53f4ee1354ba" testId="44d9713e-c68d-9f4a-2660-dca3a03fa50a" testName="OnlineSupermarket.Api.Tests.Persistence.RecommendationResultConfigurationTests.RecommendationResult_AudienceKeyIsRequired" computerName="MTM" duration="00:00:00.0005162" startTime="2026-09-08T13:18:16.9195772+07:00" endTime="2026-09-08T13:18:16.9199108+07:00" testType="13cdc9d9-ddb5-4fa4-a97d-d965ccfc6d4b" outcome="Passed" testListId="8c84fa94-04c1-424b-9868-57a2d4851a1d" relativeResultsDirectory="375d5dc1-81d4-4323-bf01-53f4ee1354ba" />
    <UnitTestResult executionId="f82ce04c-d9d7-478b-8c55-0bf6fa8ff904" testId="c37bb78a-31b9-d7de-06f9-fcecd4a6fe78" testName="OnlineSupermarket.Api.Tests.Endpoints.RecommendationReadEndpointsTests.Homepage_WhenNoMaterialization_ReturnsEmpty200" computerName="MTM" duration="00:00:00.3461908" startTime="2026-09-08T13:18:21.3122289+07:00" endTime="2026-09-08T13:18:21.6586981+07:00" testType="13cdc9d9-ddb5-4fa4-a97d-d965ccfc6d4b" outcome="Passed" testListId="8c84fa94-04c1-424b-9868-57a2d4851a1d" relativeResultsDirectory="f82ce04c-d9d7-478b-8c55-0bf6fa8ff904" />
    <UnitTestResult executionId="2d1b705d-4338-44d9-9b63-913ec304b007" testId="ba21d6dd-52a1-2d70-2b8e-6b0cbddbc7f2" testName="OnlineSupermarket.Api.Tests.Endpoints.AdminRecommendationEndpointsTests.TriggerRun_AsAdmin_Returns202WithStatusUrl" computerName="MTM" duration="00:00:00.3958870" startTime="2026-09-08T13:18:19.8880380+07:00" endTime="2026-09-08T13:18:20.2841776+07:00" testType="13cdc9d9-ddb5-4fa4-a97d-d965ccfc6d4b" outcome="Passed" testListId="8c84fa94-04c1-424b-9868-57a2d4851a1d" relativeResultsDirectory="2d1b705d-4338-44d9-9b63-913ec304b007" />
    <UnitTestResult executionId="7fe3a5f3-f10a-42b6-bf2b-12467e16294d" testId="9b43026b-ef17-7432-8272-3fc680aed42f" testName="OnlineSupermarket.Api.Tests.Endpoints.AdminRecommendationEndpointsTests.AdminResults_AsCustomer_Returns403" computerName="MTM" duration="00:00:00.3553540" startTime="2026-09-08T13:18:20.2843516+07:00" endTime="2026-09-08T13:18:20.6399466+07:00" testType="13cdc9d9-ddb5-4fa4-a97d-d965ccfc6d4b" outcome="Passed" testListId="8c84fa94-04c1-424b-9868-57a2d4851a1d" relativeResultsDirectory="7fe3a5f3-f10a-42b6-bf2b-12467e16294d" />
    <UnitTestResult executionId="c260095d-a92f-48e6-a41d-74c27501278a" testId="06ef300b-9a47-58da-f0e7-eb02a27388ba" testName="OnlineSupermarket.Api.Tests.Endpoints.RecommendationReadEndpointsTests.Homepage_WithFreshUserRows_ReturnsUserScope" computerName="MTM" duration="00:00:00.3504442" startTime="2026-09-08T13:18:20.2601977+07:00" endTime="2026-09-08T13:18:20.6076290+07:00" testType="13cdc9d9-ddb5-4fa4-a97d-d965ccfc6d4b" outcome="Passed" testListId="8c84fa94-04c1-424b-9868-57a2d4851a1d" relativeResultsDirectory="c260095d-a92f-48e6-a41d-74c27501278a" />
    <UnitTestResult executionId="a43f2d43-40d8-4e7d-9f8b-7b85319a898e" testId="e818e7d8-3a20-a847-52e0-7742d6bdb928" testName="OnlineSupermarket.Api.Tests.Endpoints.AdminRecommendationEndpointsTests.AdminResults_IgnoresFailedRunRows" computerName="MTM" duration="00:00:00.3731670" startTime="2026-09-08T13:18:19.5144601+07:00" endTime="2026-09-08T13:18:19.8878460+07:00" testType="13cdc9d9-ddb5-4fa4-a97d-d965ccfc6d4b" outcome="Passed" testListId="8c84fa94-04c1-424b-9868-57a2d4851a1d" relativeResultsDirectory="a43f2d43-40d8-4e7d-9f8b-7b85319a898e" />
    <UnitTestResult executionId="50f4c096-70c5-480b-890e-e548e9685bd4" testId="48506934-3b21-feaf-7815-793b340a4e75" testName="OnlineSupermarket.Api.Tests.Endpoints.AdminRecommendationEndpointsTests.AdminResults_WithInvalidScope_Returns400" computerName="MTM" duration="00:00:00.3935873" startTime="2026-09-08T13:18:18.3934771+07:00" endTime="2026-09-08T13:18:18.7875574+07:00" testType="13cdc9d9-ddb5-4fa4-a97d-d965ccfc6d4b" outcome="Passed" testListId="8c84fa94-04c1-424b-9868-57a2d4851a1d" relativeResultsDirectory="50f4c096-70c5-480b-890e-e548e9685bd4" />
    <UnitTestResult executionId="9bb960e6-90d9-4927-aacf-c9017eef2c57" testId="aceb7500-ff1b-1b61-fa46-3d468e8ed600" testName="OnlineSupermarket.Api.Tests.Endpoints.AdminRecommendationEndpointsTests.AdminResults_AsAdmin_ReturnsScopeFilteredSample" computerName="MTM" duration="00:00:00.3532902" startTime="2026-09-08T13:18:19.1606059+07:00" endTime="2026-09-08T13:18:19.5142483+07:00" testType="13cdc9d9-ddb5-4fa4-a97d-d965ccfc6d4b" outcome="Passed" testListId="8c84fa94-04c1-424b-9868-57a2d4851a1d" relativeResultsDirectory="9bb960e6-90d9-4927-aacf-c9017eef2c57" />
    <UnitTestResult executionId="5e502f8e-d87c-42b6-b1cf-9e50d5002656" testId="f136e1aa-258e-d05d-47d9-5c4ab906b745" testName="OnlineSupermarket.Api.Tests.Endpoints.AdminRecommendationEndpointsTests.TriggerRun_WithActiveLock_Returns409" computerName="MTM" duration="00:00:00.3804084" startTime="2026-09-08T13:18:20.6401406+07:00" endTime="2026-09-08T13:18:21.0208339+07:00" testType="13cdc9d9-ddb5-4fa4-a97d-d965ccfc6d4b" outcome="Passed" testListId="8c84fa94-04c1-424b-9868-57a2d4851a1d" relativeResultsDirectory="5e502f8e-d87c-42b6-b1cf-9e50d5002656" />
    <UnitTestResult executionId="99408429-b7f6-4ff2-bf8e-456e834f2920" testId="929117fc-a6fa-c7c0-e858-fd72bb00a905" testName="OnlineSupermarket.Api.Tests.Endpoints.RecommendationReadEndpointsTests.ProductRecommendations_WithSimilarRows_ReturnsSimilarScope" computerName="MTM" duration="00:00:00.3636814" startTime="2026-09-08T13:18:19.8927873+07:00" endTime="2026-09-08T13:18:20.2568516+07:00" testType="13cdc9d9-ddb5-4fa4-a97d-d965ccfc6d4b" outcome="Passed" testListId="8c84fa94-04c1-424b-9868-57a2d4851a1d" relativeResultsDirectory="99408429-b7f6-4ff2-bf8e-456e834f2920" />
    <UnitTestResult executionId="d9da9f90-c465-43e2-9371-ec1a9de7d7f2" testId="a570e626-8f97-b8d1-5e27-4bcc472985de" testName="OnlineSupermarket.Api.Tests.Endpoints.AdminRecommendationEndpointsTests.TriggerRun_AsCustomer_Returns403" computerName="MTM" duration="00:00:02.1979048" startTime="2026-09-08T13:18:16.1853254+07:00" endTime="2026-09-08T13:18:18.3913036+07:00" testType="13cdc9d9-ddb5-4fa4-a97d-d965ccfc6d4b" outcome="Passed" testListId="8c84fa94-04c1-424b-9868-57a2d4851a1d" relativeResultsDirectory="d9da9f90-c465-43e2-9371-ec1a9de7d7f2" />
    <UnitTestResult executionId="2d92e04b-d4d2-498c-a6bf-e9c0b6804171" testId="5f0b262c-b47b-15bc-09ad-f240244e87fb" testName="OnlineSupermarket.Api.Tests.Endpoints.RecommendationReadEndpointsTests.Homepage_WhenUserRowsExpired_FallsBackToGlobalWith200" computerName="MTM" duration="00:00:02.3133999" startTime="2026-09-08T13:18:16.1868361+07:00" endTime="2026-09-08T13:18:18.5034265+07:00" testType="13cdc9d9-ddb5-4fa4-a97d-d965ccfc6d4b" outcome="Passed" testListId="8c84fa94-04c1-424b-9868-57a2d4851a1d" relativeResultsDirectory="2d92e04b-d4d2-498c-a6bf-e9c0b6804171" />
    <UnitTestResult executionId="f94d83f5-35a6-4a90-9dbc-1332b0792062" testId="a51ca336-c421-d0fd-c4a3-937f98f07159" testName="OnlineSupermarket.Api.Tests.Endpoints.AdminRecommendationEndpointsTests.AdminResults_WithoutAuthentication_Returns401" computerName="MTM" duration="00:00:00.3370606" startTime="2026-09-08T13:18:21.0210822+07:00" endTime="2026-09-08T13:18:21.3583323+07:00" testType="13cdc9d9-ddb5-4fa4-a97d-d965ccfc6d4b" outcome="Passed" testListId="8c84fa94-04c1-424b-9868-57a2d4851a1d" relativeResultsDirectory="f94d83f5-35a6-4a90-9dbc-1332b0792062" />
    <UnitTestResult executionId="fe355ffe-6f63-43f7-84c0-2b65371965ce" testId="6b81cb06-db41-ed41-2334-d411241608e5" testName="OnlineSupermarket.Api.Tests.Endpoints.RecommendationReadEndpointsTests.RecommendationQuery_WithOutOfRangeLimit_ReturnsBadRequest" computerName="MTM" duration="00:00:00.3502351" startTime="2026-09-08T13:18:18.5036281+07:00" endTime="2026-09-08T13:18:18.8541913+07:00" testType="13cdc9d9-ddb5-4fa4-a97d-d965ccfc6d4b" outcome="Passed" testListId="8c84fa94-04c1-424b-9868-57a2d4851a1d" relativeResultsDirectory="fe355ffe-6f63-43f7-84c0-2b65371965ce" />
    <UnitTestResult executionId="e4b2601a-c28f-49f9-b7d0-55ef4c513599" testId="0e617e9d-c96a-cc25-5fee-8eb999f4fa38" testName="OnlineSupermarket.Api.Tests.Persistence.RecommendationResultConfigurationTests.RecommendationResult_HasRequiredFksOnOwners" computerName="MTM" duration="00:00:00.0106681" startTime="2026-09-08T13:18:16.8847422+07:00" endTime="2026-09-08T13:18:16.8849290+07:00" testType="13cdc9d9-ddb5-4fa4-a97d-d965ccfc6d4b" outcome="Passed" testListId="8c84fa94-04c1-424b-9868-57a2d4851a1d" relativeResultsDirectory="e4b2601a-c28f-49f9-b7d0-55ef4c513599" />
    <UnitTestResult executionId="219c96d0-6601-4467-b597-914629d6a252" testId="d5603e26-e8cf-70bf-b953-3be2bd72e20d" testName="OnlineSupermarket.Api.Tests.Endpoints.AdminRecommendationEndpointsTests.TriggerRun_WithoutAuthentication_Returns401" computerName="MTM" duration="00:00:00.3724121" startTime="2026-09-08T13:18:18.7877984+07:00" endTime="2026-09-08T13:18:19.1604023+07:00" testType="13cdc9d9-ddb5-4fa4-a97d-d965ccfc6d4b" outcome="Passed" testListId="8c84fa94-04c1-424b-9868-57a2d4851a1d" relativeResultsDirectory="219c96d0-6601-4467-b597-914629d6a252" />
    <UnitTestResult executionId="233a223e-c6b1-407a-a7ac-bbca2da2e6d7" testId="ce291deb-5afc-b400-28a7-f31b0c0d0b71" testName="OnlineSupermarket.Api.Tests.Endpoints.RecommendationReadEndpointsTests.Homepage_WhenNewRunFailed_ServesPriorSucceededBatchWith200" computerName="MTM" duration="00:00:00.3342447" startTime="2026-09-08T13:18:21.6588908+07:00" endTime="2026-09-08T13:18:21.9932840+07:00" testType="13cdc9d9-ddb5-4fa4-a97d-d965ccfc6d4b" outcome="Passed" testListId="8c84fa94-04c1-424b-9868-57a2d4851a1d" relativeResultsDirectory="233a223e-c6b1-407a-a7ac-bbca2da2e6d7" />
    <UnitTestResult executionId="b59bdb87-8f93-43ae-9e9a-7bcda9d066ab" testId="18f17baf-9e66-ed2f-2e16-609fe33933ab" testName="OnlineSupermarket.Api.Tests.Persistence.RecommendationResultConfigurationTests.RecommendationResult_IsMappedToRecommendationResultsTable" computerName="MTM" duration="00:00:00.0390215" startTime="2026-09-08T13:18:16.8859449+07:00" endTime="2026-09-08T13:18:16.9148282+07:00" testType="13cdc9d9-ddb5-4fa4-a97d-d965ccfc6d4b" outcome="Passed" testListId="8c84fa94-04c1-424b-9868-57a2d4851a1d" relativeResultsDirectory="b59bdb87-8f93-43ae-9e9a-7bcda9d066ab" />
    <UnitTestResult executionId="b6f03ee1-f575-4df2-822c-61e05cbbe9fb" testId="9517ee35-3858-abc2-bb08-eb147b4c41ec" testName="OnlineSupermarket.Api.Tests.Endpoints.RecommendationReadEndpointsTests.ProductRecommendations_WhenSimilarMissingOrExpired_FallsBackToGlobalWith200" computerName="MTM" duration="00:00:00.3729933" startTime="2026-09-08T13:18:18.8543895+07:00" endTime="2026-09-08T13:18:19.2276457+07:00" testType="13cdc9d9-ddb5-4fa4-a97d-d965ccfc6d4b" outcome="Passed" testListId="8c84fa94-04c1-424b-9868-57a2d4851a1d" relativeResultsDirectory="b6f03ee1-f575-4df2-822c-61e05cbbe9fb" />
    <UnitTestResult executionId="342d4931-7ee9-421b-a85d-373ec737088d" testId="cda03b49-8b96-eeeb-90dd-0d3f39034167" testName="OnlineSupermarket.Api.Tests.Persistence.RecommendationResultConfigurationTests.RecommendationResult_ScoreHasPrecisionAndRankRequired" computerName="MTM" duration="00:00:00.0044093" startTime="2026-09-08T13:18:16.9149944+07:00" endTime="2026-09-08T13:18:16.9193532+07:00" testType="13cdc9d9-ddb5-4fa4-a97d-d965ccfc6d4b" outcome="Passed" testListId="8c84fa94-04c1-424b-9868-57a2d4851a1d" relativeResultsDirectory="342d4931-7ee9-421b-a85d-373ec737088d" />
    <UnitTestResult executionId="acc5d401-804b-4ade-9c2f-e58e06c341e6" testId="21824796-fda2-0676-5f23-d34d73f202f7" testName="OnlineSupermarket.Api.Tests.Endpoints.RecommendationReadEndpointsTests.ProductRecommendations_WhenNoMaterialization_ReturnsEmpty200" computerName="MTM" duration="00:00:00.3419687" startTime="2026-09-08T13:18:20.9697967+07:00" endTime="2026-09-08T13:18:21.3119978+07:00" testType="13cdc9d9-ddb5-4fa4-a97d-d965ccfc6d4b" outcome="Passed" testListId="8c84fa94-04c1-424b-9868-57a2d4851a1d" relativeResultsDirectory="acc5d401-804b-4ade-9c2f-e58e06c341e6" />
    <UnitTestResult executionId="a05d997d-915b-4f52-9975-9cd6dc8e4548" testId="4532b8fa-8bdb-8a9c-1037-62031a5fd469" testName="OnlineSupermarket.Api.Tests.Endpoints.RecommendationReadEndpointsTests.ProductRecommendations_WhenSimilarExpired_AndGlobalValid_FallsBackToGlobalWith200" computerName="MTM" duration="00:00:00.3133749" startTime="2026-09-08T13:18:19.2278469+07:00" endTime="2026-09-08T13:18:19.5415010+07:00" testType="13cdc9d9-ddb5-4fa4-a97d-d965ccfc6d4b" outcome="Passed" testListId="8c84fa94-04c1-424b-9868-57a2d4851a1d" relativeResultsDirectory="a05d997d-915b-4f52-9975-9cd6dc8e4548" />
    <UnitTestResult executionId="f2b8bf22-fcc2-40ca-bada-bbc4c7374e0d" testId="8e136beb-0cc8-f988-47ee-e7f53d3beb1e" testName="OnlineSupermarket.Api.Tests.Endpoints.RecommendationReadEndpointsTests.ProductRecommendations_WhenAllRowsExpired_ReturnsEmpty200" computerName="MTM" duration="00:00:00.3614373" startTime="2026-09-08T13:18:20.6078130+07:00" endTime="2026-09-08T13:18:20.9695734+07:00" testType="13cdc9d9-ddb5-4fa4-a97d-d965ccfc6d4b" outcome="Passed" testListId="8c84fa94-04c1-424b-9868-57a2d4851a1d" relativeResultsDirectory="f2b8bf22-fcc2-40ca-bada-bbc4c7374e0d" />
    <UnitTestResult executionId="b8e71c40-b957-4a63-908b-d9f6d334af34" testId="1cef672b-5d26-b964-2ebc-8b52ac3e6a20" testName="OnlineSupermarket.Api.Tests.Persistence.RecommendationResultConfigurationTests.RecommendationResult_HasAudienceScopedUniqueIndex" computerName="MTM" duration="00:00:00.6723924" startTime="2026-09-08T13:18:16.1867837+07:00" endTime="2026-09-08T13:18:16.8645638+07:00" testType="13cdc9d9-ddb5-4fa4-a97d-d965ccfc6d4b" outcome="Passed" testListId="8c84fa94-04c1-424b-9868-57a2d4851a1d" relativeResultsDirectory="b8e71c40-b957-4a63-908b-d9f6d334af34" />
    <UnitTestResult executionId="e4ed5b67-c1ef-43f8-a248-3383cc86982e" testId="c563165b-8319-cdef-e94a-dab4f09427d5" testName="OnlineSupermarket.Api.Tests.Endpoints.RecommendationReadEndpointsTests.Homepage_WithBranchFilter_HidesUnavailableAndInactiveItems" computerName="MTM" duration="00:00:00.3507116" startTime="2026-09-08T13:18:19.5417002+07:00" endTime="2026-09-08T13:18:19.8926028+07:00" testType="13cdc9d9-ddb5-4fa4-a97d-d965ccfc6d4b" outcome="Passed" testListId="8c84fa94-04c1-424b-9868-57a2d4851a1d" relativeResultsDirectory="e4ed5b67-c1ef-43f8-a248-3383cc86982e" />
  </Results>
  <TestDefinitions>
    <UnitTest name="OnlineSupermarket.Api.Tests.Endpoints.AdminRecommendationEndpointsTests.AdminResults_AsCustomer_Returns403" storage="c:\users\manh\documents\project3\online-supermarket-system\backend\tests\onlinesupermarket.api.tests\bin\debug\net10.0\onlinesupermarket.api.tests.dll" id="9b43026b-ef17-7432-8272-3fc680aed42f">
      <Execution id="7fe3a5f3-f10a-42b6-bf2b-12467e16294d" />
      <TestMethod codeBase="C:\Users\manh\Documents\Project3\online-supermarket-system\backend\tests\OnlineSupermarket.Api.Tests\bin\Debug\net10.0\OnlineSupermarket.Api.Tests.dll" adapterTypeName="executor://xunit/VsTestRunner3/netcore/" className="OnlineSupermarket.Api.Tests.Endpoints.AdminRecommendationEndpointsTests" name="AdminResults_AsCustomer_Returns403" />
    </UnitTest>
    <UnitTest name="OnlineSupermarket.Api.Tests.Endpoints.RecommendationReadEndpointsTests.Homepage_WithBranchFilter_HidesUnavailableAndInactiveItems" storage="c:\users\manh\documents\project3\online-supermarket-system\backend\tests\onlinesupermarket.api.tests\bin\debug\net10.0\onlinesupermarket.api.tests.dll" id="c563165b-8319-cdef-e94a-dab4f09427d5">
      <Execution id="e4ed5b67-c1ef-43f8-a248-3383cc86982e" />
      <TestMethod codeBase="C:\Users\manh\Documents\Project3\online-supermarket-system\backend\tests\OnlineSupermarket.Api.Tests\bin\Debug\net10.0\OnlineSupermarket.Api.Tests.dll" adapterTypeName="executor://xunit/VsTestRunner3/netcore/" className="OnlineSupermarket.Api.Tests.Endpoints.RecommendationReadEndpointsTests" name="Homepage_WithBranchFilter_HidesUnavailableAndInactiveItems" />
    </UnitTest>
    <UnitTest name="OnlineSupermarket.Api.Tests.Endpoints.RecommendationReadEndpointsTests.Homepage_WhenNewRunFailed_ServesPriorSucceededBatchWith200" storage="c:\users\manh\documents\project3\online-supermarket-system\backend\tests\onlinesupermarket.api.tests\bin\debug\net10.0\onlinesupermarket.api.tests.dll" id="ce291deb-5afc-b400-28a7-f31b0c0d0b71">
      <Execution id="233a223e-c6b1-407a-a7ac-bbca2da2e6d7" />
      <TestMethod codeBase="C:\Users\manh\Documents\Project3\online-supermarket-system\backend\tests\OnlineSupermarket.Api.Tests\bin\Debug\net10.0\OnlineSupermarket.Api.Tests.dll" adapterTypeName="executor://xunit/VsTestRunner3/netcore/" className="OnlineSupermarket.Api.Tests.Endpoints.RecommendationReadEndpointsTests" name="Homepage_WhenNewRunFailed_ServesPriorSucceededBatchWith200" />
    </UnitTest>
    <UnitTest name="OnlineSupermarket.Api.Tests.Persistence.RecommendationResultConfigurationTests.RecommendationResult_AudienceKeyIsRequired" storage="c:\users\manh\documents\project3\online-supermarket-system\backend\tests\onlinesupermarket.api.tests\bin\debug\net10.0\onlinesupermarket.api.tests.dll" id="44d9713e-c68d-9f4a-2660-dca3a03fa50a">
      <Execution id="375d5dc1-81d4-4323-bf01-53f4ee1354ba" />
      <TestMethod codeBase="C:\Users\manh\Documents\Project3\online-supermarket-system\backend\tests\OnlineSupermarket.Api.Tests\bin\Debug\net10.0\OnlineSupermarket.Api.Tests.dll" adapterTypeName="executor://xunit/VsTestRunner3/netcore/" className="OnlineSupermarket.Api.Tests.Persistence.RecommendationResultConfigurationTests" name="RecommendationResult_AudienceKeyIsRequired" />
    </UnitTest>
    <UnitTest name="OnlineSupermarket.Api.Tests.Endpoints.AdminRecommendationEndpointsTests.TriggerRun_WithActiveLock_Returns409" storage="c:\users\manh\documents\project3\online-supermarket-system\backend\tests\onlinesupermarket.api.tests\bin\debug\net10.0\onlinesupermarket.api.tests.dll" id="f136e1aa-258e-d05d-47d9-5c4ab906b745">
      <Execution id="5e502f8e-d87c-42b6-b1cf-9e50d5002656" />
      <TestMethod codeBase="C:\Users\manh\Documents\Project3\online-supermarket-system\backend\tests\OnlineSupermarket.Api.Tests\bin\Debug\net10.0\OnlineSupermarket.Api.Tests.dll" adapterTypeName="executor://xunit/VsTestRunner3/netcore/" className="OnlineSupermarket.Api.Tests.Endpoints.AdminRecommendationEndpointsTests" name="TriggerRun_WithActiveLock_Returns409" />
    </UnitTest>
    <UnitTest name="OnlineSupermarket.Api.Tests.Endpoints.AdminRecommendationEndpointsTests.AdminResults_WithoutAuthentication_Returns401" storage="c:\users\manh\documents\project3\online-supermarket-system\backend\tests\onlinesupermarket.api.tests\bin\debug\net10.0\onlinesupermarket.api.tests.dll" id="a51ca336-c421-d0fd-c4a3-937f98f07159">
      <Execution id="f94d83f5-35a6-4a90-9dbc-1332b0792062" />
      <TestMethod codeBase="C:\Users\manh\Documents\Project3\online-supermarket-system\backend\tests\OnlineSupermarket.Api.Tests\bin\Debug\net10.0\OnlineSupermarket.Api.Tests.dll" adapterTypeName="executor://xunit/VsTestRunner3/netcore/" className="OnlineSupermarket.Api.Tests.Endpoints.AdminRecommendationEndpointsTests" name="AdminResults_WithoutAuthentication_Returns401" />
    </UnitTest>
    <UnitTest name="OnlineSupermarket.Api.Tests.Endpoints.RecommendationReadEndpointsTests.ProductRecommendations_WhenSimilarExpired_AndGlobalValid_FallsBackToGlobalWith200" storage="c:\users\manh\documents\project3\online-supermarket-system\backend\tests\onlinesupermarket.api.tests\bin\debug\net10.0\onlinesupermarket.api.tests.dll" id="4532b8fa-8bdb-8a9c-1037-62031a5fd469">
      <Execution id="a05d997d-915b-4f52-9975-9cd6dc8e4548" />
      <TestMethod codeBase="C:\Users\manh\Documents\Project3\online-supermarket-system\backend\tests\OnlineSupermarket.Api.Tests\bin\Debug\net10.0\OnlineSupermarket.Api.Tests.dll" adapterTypeName="executor://xunit/VsTestRunner3/netcore/" className="OnlineSupermarket.Api.Tests.Endpoints.RecommendationReadEndpointsTests" name="ProductRecommendations_WhenSimilarExpired_AndGlobalValid_FallsBackToGlobalWith200" />
    </UnitTest>
    <UnitTest name="OnlineSupermarket.Api.Tests.Endpoints.RecommendationReadEndpointsTests.ProductRecommendations_WhenAllRowsExpired_ReturnsEmpty200" storage="c:\users\manh\documents\project3\online-supermarket-system\backend\tests\onlinesupermarket.api.tests\bin\debug\net10.0\onlinesupermarket.api.tests.dll" id="8e136beb-0cc8-f988-47ee-e7f53d3beb1e">
      <Execution id="f2b8bf22-fcc2-40ca-bada-bbc4c7374e0d" />
      <TestMethod codeBase="C:\Users\manh\Documents\Project3\online-supermarket-system\backend\tests\OnlineSupermarket.Api.Tests\bin\Debug\net10.0\OnlineSupermarket.Api.Tests.dll" adapterTypeName="executor://xunit/VsTestRunner3/netcore/" className="OnlineSupermarket.Api.Tests.Endpoints.RecommendationReadEndpointsTests" name="ProductRecommendations_WhenAllRowsExpired_ReturnsEmpty200" />
    </UnitTest>
    <UnitTest name="OnlineSupermarket.Api.Tests.Endpoints.RecommendationReadEndpointsTests.ProductRecommendations_WhenNoMaterialization_ReturnsEmpty200" storage="c:\users\manh\documents\project3\online-supermarket-system\backend\tests\onlinesupermarket.api.tests\bin\debug\net10.0\onlinesupermarket.api.tests.dll" id="21824796-fda2-0676-5f23-d34d73f202f7">
      <Execution id="acc5d401-804b-4ade-9c2f-e58e06c341e6" />
      <TestMethod codeBase="C:\Users\manh\Documents\Project3\online-supermarket-system\backend\tests\OnlineSupermarket.Api.Tests\bin\Debug\net10.0\OnlineSupermarket.Api.Tests.dll" adapterTypeName="executor://xunit/VsTestRunner3/netcore/" className="OnlineSupermarket.Api.Tests.Endpoints.RecommendationReadEndpointsTests" name="ProductRecommendations_WhenNoMaterialization_ReturnsEmpty200" />
    </UnitTest>
    <UnitTest name="OnlineSupermarket.Api.Tests.Persistence.RecommendationResultConfigurationTests.RecommendationResult_HasRequiredFksOnOwners" storage="c:\users\manh\documents\project3\online-supermarket-system\backend\tests\onlinesupermarket.api.tests\bin\debug\net10.0\onlinesupermarket.api.tests.dll" id="0e617e9d-c96a-cc25-5fee-8eb999f4fa38">
      <Execution id="e4b2601a-c28f-49f9-b7d0-55ef4c513599" />
      <TestMethod codeBase="C:\Users\manh\Documents\Project3\online-supermarket-system\backend\tests\OnlineSupermarket.Api.Tests\bin\Debug\net10.0\OnlineSupermarket.Api.Tests.dll" adapterTypeName="executor://xunit/VsTestRunner3/netcore/" className="OnlineSupermarket.Api.Tests.Persistence.RecommendationResultConfigurationTests" name="RecommendationResult_HasRequiredFksOnOwners" />
    </UnitTest>
    <UnitTest name="OnlineSupermarket.Api.Tests.Persistence.RecommendationResultConfigurationTests.RecommendationResult_IsMappedToRecommendationResultsTable" storage="c:\users\manh\documents\project3\online-supermarket-system\backend\tests\onlinesupermarket.api.tests\bin\debug\net10.0\onlinesupermarket.api.tests.dll" id="18f17baf-9e66-ed2f-2e16-609fe33933ab">
      <Execution id="b59bdb87-8f93-43ae-9e9a-7bcda9d066ab" />
      <TestMethod codeBase="C:\Users\manh\Documents\Project3\online-supermarket-system\backend\tests\OnlineSupermarket.Api.Tests\bin\Debug\net10.0\OnlineSupermarket.Api.Tests.dll" adapterTypeName="executor://xunit/VsTestRunner3/netcore/" className="OnlineSupermarket.Api.Tests.Persistence.RecommendationResultConfigurationTests" name="RecommendationResult_IsMappedToRecommendationResultsTable" />
    </UnitTest>
    <UnitTest name="OnlineSupermarket.Api.Tests.Endpoints.RecommendationReadEndpointsTests.ProductRecommendations_WhenSimilarMissingOrExpired_FallsBackToGlobalWith200" storage="c:\users\manh\documents\project3\online-supermarket-system\backend\tests\onlinesupermarket.api.tests\bin\debug\net10.0\onlinesupermarket.api.tests.dll" id="9517ee35-3858-abc2-bb08-eb147b4c41ec">
      <Execution id="b6f03ee1-f575-4df2-822c-61e05cbbe9fb" />
      <TestMethod codeBase="C:\Users\manh\Documents\Project3\online-supermarket-system\backend\tests\OnlineSupermarket.Api.Tests\bin\Debug\net10.0\OnlineSupermarket.Api.Tests.dll" adapterTypeName="executor://xunit/VsTestRunner3/netcore/" className="OnlineSupermarket.Api.Tests.Endpoints.RecommendationReadEndpointsTests" name="ProductRecommendations_WhenSimilarMissingOrExpired_FallsBackToGlobalWith200" />
    </UnitTest>
    <UnitTest name="OnlineSupermarket.Api.Tests.Endpoints.AdminRecommendationEndpointsTests.TriggerRun_AsAdmin_Returns202WithStatusUrl" storage="c:\users\manh\documents\project3\online-supermarket-system\backend\tests\onlinesupermarket.api.tests\bin\debug\net10.0\onlinesupermarket.api.tests.dll" id="ba21d6dd-52a1-2d70-2b8e-6b0cbddbc7f2">
      <Execution id="2d1b705d-4338-44d9-9b63-913ec304b007" />
      <TestMethod codeBase="C:\Users\manh\Documents\Project3\online-supermarket-system\backend\tests\OnlineSupermarket.Api.Tests\bin\Debug\net10.0\OnlineSupermarket.Api.Tests.dll" adapterTypeName="executor://xunit/VsTestRunner3/netcore/" className="OnlineSupermarket.Api.Tests.Endpoints.AdminRecommendationEndpointsTests" name="TriggerRun_AsAdmin_Returns202WithStatusUrl" />
    </UnitTest>
    <UnitTest name="OnlineSupermarket.Api.Tests.Endpoints.RecommendationReadEndpointsTests.ProductRecommendations_WithSimilarRows_ReturnsSimilarScope" storage="c:\users\manh\documents\project3\online-supermarket-system\backend\tests\onlinesupermarket.api.tests\bin\debug\net10.0\onlinesupermarket.api.tests.dll" id="929117fc-a6fa-c7c0-e858-fd72bb00a905">
      <Execution id="99408429-b7f6-4ff2-bf8e-456e834f2920" />
      <TestMethod codeBase="C:\Users\manh\Documents\Project3\online-supermarket-system\backend\tests\OnlineSupermarket.Api.Tests\bin\Debug\net10.0\OnlineSupermarket.Api.Tests.dll" adapterTypeName="executor://xunit/VsTestRunner3/netcore/" className="OnlineSupermarket.Api.Tests.Endpoints.RecommendationReadEndpointsTests" name="ProductRecommendations_WithSimilarRows_ReturnsSimilarScope" />
    </UnitTest>
    <UnitTest name="OnlineSupermarket.Api.Tests.Endpoints.RecommendationReadEndpointsTests.Homepage_WhenNoMaterialization_ReturnsEmpty200" storage="c:\users\manh\documents\project3\online-supermarket-system\backend\tests\onlinesupermarket.api.tests\bin\debug\net10.0\onlinesupermarket.api.tests.dll" id="c37bb78a-31b9-d7de-06f9-fcecd4a6fe78">
      <Execution id="f82ce04c-d9d7-478b-8c55-0bf6fa8ff904" />
      <TestMethod codeBase="C:\Users\manh\Documents\Project3\online-supermarket-system\backend\tests\OnlineSupermarket.Api.Tests\bin\Debug\net10.0\OnlineSupermarket.Api.Tests.dll" adapterTypeName="executor://xunit/VsTestRunner3/netcore/" className="OnlineSupermarket.Api.Tests.Endpoints.RecommendationReadEndpointsTests" name="Homepage_WhenNoMaterialization_ReturnsEmpty200" />
    </UnitTest>
    <UnitTest name="OnlineSupermarket.Api.Tests.Endpoints.AdminRecommendationEndpointsTests.AdminResults_WithInvalidScope_Returns400" storage="c:\users\manh\documents\project3\online-supermarket-system\backend\tests\onlinesupermarket.api.tests\bin\debug\net10.0\onlinesupermarket.api.tests.dll" id="48506934-3b21-feaf-7815-793b340a4e75">
      <Execution id="50f4c096-70c5-480b-890e-e548e9685bd4" />
      <TestMethod codeBase="C:\Users\manh\Documents\Project3\online-supermarket-system\backend\tests\OnlineSupermarket.Api.Tests\bin\Debug\net10.0\OnlineSupermarket.Api.Tests.dll" adapterTypeName="executor://xunit/VsTestRunner3/netcore/" className="OnlineSupermarket.Api.Tests.Endpoints.AdminRecommendationEndpointsTests" name="AdminResults_WithInvalidScope_Returns400" />
    </UnitTest>
    <UnitTest name="OnlineSupermarket.Api.Tests.Endpoints.AdminRecommendationEndpointsTests.AdminResults_IgnoresFailedRunRows" storage="c:\users\manh\documents\project3\online-supermarket-system\backend\tests\onlinesupermarket.api.tests\bin\debug\net10.0\onlinesupermarket.api.tests.dll" id="e818e7d8-3a20-a847-52e0-7742d6bdb928">
      <Execution id="a43f2d43-40d8-4e7d-9f8b-7b85319a898e" />
      <TestMethod codeBase="C:\Users\manh\Documents\Project3\online-supermarket-system\backend\tests\OnlineSupermarket.Api.Tests\bin\Debug\net10.0\OnlineSupermarket.Api.Tests.dll" adapterTypeName="executor://xunit/VsTestRunner3/netcore/" className="OnlineSupermarket.Api.Tests.Endpoints.AdminRecommendationEndpointsTests" name="AdminResults_IgnoresFailedRunRows" />
    </UnitTest>
    <UnitTest name="OnlineSupermarket.Api.Tests.Endpoints.AdminRecommendationEndpointsTests.TriggerRun_WithoutAuthentication_Returns401" storage="c:\users\manh\documents\project3\online-supermarket-system\backend\tests\onlinesupermarket.api.tests\bin\debug\net10.0\onlinesupermarket.api.tests.dll" id="d5603e26-e8cf-70bf-b953-3be2bd72e20d">
      <Execution id="219c96d0-6601-4467-b597-914629d6a252" />
      <TestMethod codeBase="C:\Users\manh\Documents\Project3\online-supermarket-system\backend\tests\OnlineSupermarket.Api.Tests\bin\Debug\net10.0\OnlineSupermarket.Api.Tests.dll" adapterTypeName="executor://xunit/VsTestRunner3/netcore/" className="OnlineSupermarket.Api.Tests.Endpoints.AdminRecommendationEndpointsTests" name="TriggerRun_WithoutAuthentication_Returns401" />
    </UnitTest>
    <UnitTest name="OnlineSupermarket.Api.Tests.Persistence.RecommendationResultConfigurationTests.RecommendationResult_HasAudienceScopedUniqueIndex" storage="c:\users\manh\documents\project3\online-supermarket-system\backend\tests\onlinesupermarket.api.tests\bin\debug\net10.0\onlinesupermarket.api.tests.dll" id="1cef672b-5d26-b964-2ebc-8b52ac3e6a20">
      <Execution id="b8e71c40-b957-4a63-908b-d9f6d334af34" />
      <TestMethod codeBase="C:\Users\manh\Documents\Project3\online-supermarket-system\backend\tests\OnlineSupermarket.Api.Tests\bin\Debug\net10.0\OnlineSupermarket.Api.Tests.dll" adapterTypeName="executor://xunit/VsTestRunner3/netcore/" className="OnlineSupermarket.Api.Tests.Persistence.RecommendationResultConfigurationTests" name="RecommendationResult_HasAudienceScopedUniqueIndex" />
    </UnitTest>
    <UnitTest name="OnlineSupermarket.Api.Tests.Endpoints.RecommendationReadEndpointsTests.RecommendationQuery_WithOutOfRangeLimit_ReturnsBadRequest" storage="c:\users\manh\documents\project3\online-supermarket-system\backend\tests\onlinesupermarket.api.tests\bin\debug\net10.0\onlinesupermarket.api.tests.dll" id="6b81cb06-db41-ed41-2334-d411241608e5">
      <Execution id="fe355ffe-6f63-43f7-84c0-2b65371965ce" />
      <TestMethod codeBase="C:\Users\manh\Documents\Project3\online-supermarket-system\backend\tests\OnlineSupermarket.Api.Tests\bin\Debug\net10.0\OnlineSupermarket.Api.Tests.dll" adapterTypeName="executor://xunit/VsTestRunner3/netcore/" className="OnlineSupermarket.Api.Tests.Endpoints.RecommendationReadEndpointsTests" name="RecommendationQuery_WithOutOfRangeLimit_ReturnsBadRequest" />
    </UnitTest>
    <UnitTest name="OnlineSupermarket.Api.Tests.Endpoints.AdminRecommendationEndpointsTests.TriggerRun_AsCustomer_Returns403" storage="c:\users\manh\documents\project3\online-supermarket-system\backend\tests\onlinesupermarket.api.tests\bin\debug\net10.0\onlinesupermarket.api.tests.dll" id="a570e626-8f97-b8d1-5e27-4bcc472985de">
      <Execution id="d9da9f90-c465-43e2-9371-ec1a9de7d7f2" />
      <TestMethod codeBase="C:\Users\manh\Documents\Project3\online-supermarket-system\backend\tests\OnlineSupermarket.Api.Tests\bin\Debug\net10.0\OnlineSupermarket.Api.Tests.dll" adapterTypeName="executor://xunit/VsTestRunner3/netcore/" className="OnlineSupermarket.Api.Tests.Endpoints.AdminRecommendationEndpointsTests" name="TriggerRun_AsCustomer_Returns403" />
    </UnitTest>
    <UnitTest name="OnlineSupermarket.Api.Tests.Persistence.RecommendationResultConfigurationTests.RecommendationResult_ScoreHasPrecisionAndRankRequired" storage="c:\users\manh\documents\project3\online-supermarket-system\backend\tests\onlinesupermarket.api.tests\bin\debug\net10.0\onlinesupermarket.api.tests.dll" id="cda03b49-8b96-eeeb-90dd-0d3f39034167">
      <Execution id="342d4931-7ee9-421b-a85d-373ec737088d" />
      <TestMethod codeBase="C:\Users\manh\Documents\Project3\online-supermarket-system\backend\tests\OnlineSupermarket.Api.Tests\bin\Debug\net10.0\OnlineSupermarket.Api.Tests.dll" adapterTypeName="executor://xunit/VsTestRunner3/netcore/" className="OnlineSupermarket.Api.Tests.Persistence.RecommendationResultConfigurationTests" name="RecommendationResult_ScoreHasPrecisionAndRankRequired" />
    </UnitTest>
    <UnitTest name="OnlineSupermarket.Api.Tests.Endpoints.AdminRecommendationEndpointsTests.AdminResults_AsAdmin_ReturnsScopeFilteredSample" storage="c:\users\manh\documents\project3\online-supermarket-system\backend\tests\onlinesupermarket.api.tests\bin\debug\net10.0\onlinesupermarket.api.tests.dll" id="aceb7500-ff1b-1b61-fa46-3d468e8ed600">
      <Execution id="9bb960e6-90d9-4927-aacf-c9017eef2c57" />
      <TestMethod codeBase="C:\Users\manh\Documents\Project3\online-supermarket-system\backend\tests\OnlineSupermarket.Api.Tests\bin\Debug\net10.0\OnlineSupermarket.Api.Tests.dll" adapterTypeName="executor://xunit/VsTestRunner3/netcore/" className="OnlineSupermarket.Api.Tests.Endpoints.AdminRecommendationEndpointsTests" name="AdminResults_AsAdmin_ReturnsScopeFilteredSample" />
    </UnitTest>
    <UnitTest name="OnlineSupermarket.Api.Tests.Endpoints.RecommendationReadEndpointsTests.Homepage_WithFreshUserRows_ReturnsUserScope" storage="c:\users\manh\documents\project3\online-supermarket-system\backend\tests\onlinesupermarket.api.tests\bin\debug\net10.0\onlinesupermarket.api.tests.dll" id="06ef300b-9a47-58da-f0e7-eb02a27388ba">
      <Execution id="c260095d-a92f-48e6-a41d-74c27501278a" />
      <TestMethod codeBase="C:\Users\manh\Documents\Project3\online-supermarket-system\backend\tests\OnlineSupermarket.Api.Tests\bin\Debug\net10.0\OnlineSupermarket.Api.Tests.dll" adapterTypeName="executor://xunit/VsTestRunner3/netcore/" className="OnlineSupermarket.Api.Tests.Endpoints.RecommendationReadEndpointsTests" name="Homepage_WithFreshUserRows_ReturnsUserScope" />
    </UnitTest>
    <UnitTest name="OnlineSupermarket.Api.Tests.Endpoints.RecommendationReadEndpointsTests.Homepage_WhenUserRowsExpired_FallsBackToGlobalWith200" storage="c:\users\manh\documents\project3\online-supermarket-system\backend\tests\onlinesupermarket.api.tests\bin\debug\net10.0\onlinesupermarket.api.tests.dll" id="5f0b262c-b47b-15bc-09ad-f240244e87fb">
      <Execution id="2d92e04b-d4d2-498c-a6bf-e9c0b6804171" />
      <TestMethod codeBase="C:\Users\manh\Documents\Project3\online-supermarket-system\backend\tests\OnlineSupermarket.Api.Tests\bin\Debug\net10.0\OnlineSupermarket.Api.Tests.dll" adapterTypeName="executor://xunit/VsTestRunner3/netcore/" className="OnlineSupermarket.Api.Tests.Endpoints.RecommendationReadEndpointsTests" name="Homepage_WhenUserRowsExpired_FallsBackToGlobalWith200" />
    </UnitTest>
  </TestDefinitions>
  <TestEntries>
    <TestEntry testId="44d9713e-c68d-9f4a-2660-dca3a03fa50a" executionId="375d5dc1-81d4-4323-bf01-53f4ee1354ba" testListId="8c84fa94-04c1-424b-9868-57a2d4851a1d" />
    <TestEntry testId="c37bb78a-31b9-d7de-06f9-fcecd4a6fe78" executionId="f82ce04c-d9d7-478b-8c55-0bf6fa8ff904" testListId="8c84fa94-04c1-424b-9868-57a2d4851a1d" />
    <TestEntry testId="ba21d6dd-52a1-2d70-2b8e-6b0cbddbc7f2" executionId="2d1b705d-4338-44d9-9b63-913ec304b007" testListId="8c84fa94-04c1-424b-9868-57a2d4851a1d" />
    <TestEntry testId="9b43026b-ef17-7432-8272-3fc680aed42f" executionId="7fe3a5f3-f10a-42b6-bf2b-12467e16294d" testListId="8c84fa94-04c1-424b-9868-57a2d4851a1d" />
    <TestEntry testId="06ef300b-9a47-58da-f0e7-eb02a27388ba" executionId="c260095d-a92f-48e6-a41d-74c27501278a" testListId="8c84fa94-04c1-424b-9868-57a2d4851a1d" />
    <TestEntry testId="e818e7d8-3a20-a847-52e0-7742d6bdb928" executionId="a43f2d43-40d8-4e7d-9f8b-7b85319a898e" testListId="8c84fa94-04c1-424b-9868-57a2d4851a1d" />
    <TestEntry testId="48506934-3b21-feaf-7815-793b340a4e75" executionId="50f4c096-70c5-480b-890e-e548e9685bd4" testListId="8c84fa94-04c1-424b-9868-57a2d4851a1d" />
    <TestEntry testId="aceb7500-ff1b-1b61-fa46-3d468e8ed600" executionId="9bb960e6-90d9-4927-aacf-c9017eef2c57" testListId="8c84fa94-04c1-424b-9868-57a2d4851a1d" />
    <TestEntry testId="f136e1aa-258e-d05d-47d9-5c4ab906b745" executionId="5e502f8e-d87c-42b6-b1cf-9e50d5002656" testListId="8c84fa94-04c1-424b-9868-57a2d4851a1d" />
    <TestEntry testId="929117fc-a6fa-c7c0-e858-fd72bb00a905" executionId="99408429-b7f6-4ff2-bf8e-456e834f2920" testListId="8c84fa94-04c1-424b-9868-57a2d4851a1d" />
    <TestEntry testId="a570e626-8f97-b8d1-5e27-4bcc472985de" executionId="d9da9f90-c465-43e2-9371-ec1a9de7d7f2" testListId="8c84fa94-04c1-424b-9868-57a2d4851a1d" />
    <TestEntry testId="5f0b262c-b47b-15bc-09ad-f240244e87fb" executionId="2d92e04b-d4d2-498c-a6bf-e9c0b6804171" testListId="8c84fa94-04c1-424b-9868-57a2d4851a1d" />
    <TestEntry testId="a51ca336-c421-d0fd-c4a3-937f98f07159" executionId="f94d83f5-35a6-4a90-9dbc-1332b0792062" testListId="8c84fa94-04c1-424b-9868-57a2d4851a1d" />
    <TestEntry testId="6b81cb06-db41-ed41-2334-d411241608e5" executionId="fe355ffe-6f63-43f7-84c0-2b65371965ce" testListId="8c84fa94-04c1-424b-9868-57a2d4851a1d" />
    <TestEntry testId="0e617e9d-c96a-cc25-5fee-8eb999f4fa38" executionId="e4b2601a-c28f-49f9-b7d0-55ef4c513599" testListId="8c84fa94-04c1-424b-9868-57a2d4851a1d" />
    <TestEntry testId="d5603e26-e8cf-70bf-b953-3be2bd72e20d" executionId="219c96d0-6601-4467-b597-914629d6a252" testListId="8c84fa94-04c1-424b-9868-57a2d4851a1d" />
    <TestEntry testId="ce291deb-5afc-b400-28a7-f31b0c0d0b71" executionId="233a223e-c6b1-407a-a7ac-bbca2da2e6d7" testListId="8c84fa94-04c1-424b-9868-57a2d4851a1d" />
    <TestEntry testId="18f17baf-9e66-ed2f-2e16-609fe33933ab" executionId="b59bdb87-8f93-43ae-9e9a-7bcda9d066ab" testListId="8c84fa94-04c1-424b-9868-57a2d4851a1d" />
    <TestEntry testId="9517ee35-3858-abc2-bb08-eb147b4c41ec" executionId="b6f03ee1-f575-4df2-822c-61e05cbbe9fb" testListId="8c84fa94-04c1-424b-9868-57a2d4851a1d" />
    <TestEntry testId="cda03b49-8b96-eeeb-90dd-0d3f39034167" executionId="342d4931-7ee9-421b-a85d-373ec737088d" testListId="8c84fa94-04c1-424b-9868-57a2d4851a1d" />
    <TestEntry testId="21824796-fda2-0676-5f23-d34d73f202f7" executionId="acc5d401-804b-4ade-9c2f-e58e06c341e6" testListId="8c84fa94-04c1-424b-9868-57a2d4851a1d" />
    <TestEntry testId="4532b8fa-8bdb-8a9c-1037-62031a5fd469" executionId="a05d997d-915b-4f52-9975-9cd6dc8e4548" testListId="8c84fa94-04c1-424b-9868-57a2d4851a1d" />
    <TestEntry testId="8e136beb-0cc8-f988-47ee-e7f53d3beb1e" executionId="f2b8bf22-fcc2-40ca-bada-bbc4c7374e0d" testListId="8c84fa94-04c1-424b-9868-57a2d4851a1d" />
    <TestEntry testId="1cef672b-5d26-b964-2ebc-8b52ac3e6a20" executionId="b8e71c40-b957-4a63-908b-d9f6d334af34" testListId="8c84fa94-04c1-424b-9868-57a2d4851a1d" />
    <TestEntry testId="c563165b-8319-cdef-e94a-dab4f09427d5" executionId="e4ed5b67-c1ef-43f8-a248-3383cc86982e" testListId="8c84fa94-04c1-424b-9868-57a2d4851a1d" />
  </TestEntries>
  <TestLists>
    <TestList name="Results Not in a List" id="8c84fa94-04c1-424b-9868-57a2d4851a1d" />
    <TestList name="All Loaded Results" id="19431567-8539-422a-85d7-44ee4e166bda" />
  </TestLists>
  <ResultSummary outcome="Completed">
    <Counters total="25" executed="25" passed="25" failed="0" error="0" timeout="0" aborted="0" inconclusive="0" passedButRunAborted="0" notRunnable="0" notExecuted="0" disconnected="0" warning="0" completed="0" inProgress="0" pending="0" />
    <Output>
      <StdOut>[xUnit.net 00:00:00.00] xUnit.net VSTest Adapter v3.1.4+50e68bbb8b (64-bit .NET 10.0.11)&#xD;
[xUnit.net 00:00:00.17]   Discovering: OnlineSupermarket.Api.Tests&#xD;
[xUnit.net 00:00:00.24]   Discovered:  OnlineSupermarket.Api.Tests&#xD;
[xUnit.net 00:00:00.27]   Starting:    OnlineSupermarket.Api.Tests&#xD;
[xUnit.net 00:00:06.11]   Finished:    OnlineSupermarket.Api.Tests&#xD;
</StdOut>
    </Output>
  </ResultSummary>
</TestRun>