<?xml version="1.0" encoding="utf-8"?>
<TestRun id="47e6fc23-0bda-443d-8de1-93b1ee0bf825" name="manh@MTM 2026-09-07 12:44:46" runUser="MTM\CodexSandboxOffline" xmlns="http://microsoft.com/schemas/VisualStudio/TeamTest/2010">
  <Times creation="2026-09-07T12:44:46.9199133+07:00" queuing="2026-09-07T12:44:46.9199137+07:00" start="2026-09-07T12:44:45.8861834+07:00" finish="2026-09-07T12:44:48.6072716+07:00" />
  <TestSettings name="default" id="4a6aec2a-b27d-45bb-a6e5-b1a154cd8ce4">
    <Deployment runDeploymentRoot="manh_MTM_2026-09-07_12_44_46" />
  </TestSettings>
  <Results>
    <UnitTestResult executionId="f86c3b8f-824d-4ea7-8ac4-ae47256695ad" testId="6611e777-0663-db2a-6335-f5686ff6d927" testName="OnlineSupermarket.Infrastructure.Tests.Jobs.JobRunExecutorTests.ThrowingHandler_RedactsSyntheticSecretMarker_FromErrorSummaryAndLogs" computerName="MTM" duration="00:00:00.0059449" startTime="2026-09-07T12:44:48.1842200+07:00" endTime="2026-09-07T12:44:48.1905275+07:00" testType="13cdc9d9-ddb5-4fa4-a97d-d965ccfc6d4b" outcome="Passed" testListId="8c84fa94-04c1-424b-9868-57a2d4851a1d" relativeResultsDirectory="f86c3b8f-824d-4ea7-8ac4-ae47256695ad" />
    <UnitTestResult executionId="fe31da24-ef75-48ae-88ed-538d4df48486" testId="cbb97fb2-9cb3-5c11-db4a-958c337bca95" testName="OnlineSupermarket.Infrastructure.Tests.Jobs.RecurringJobSchedulerTests.Scheduler_IterationException_RedactsSyntheticSecretMarkerInLog" computerName="MTM" duration="00:00:00.2863182" startTime="2026-09-07T12:44:46.7741681+07:00" endTime="2026-09-07T12:44:47.0700866+07:00" testType="13cdc9d9-ddb5-4fa4-a97d-d965ccfc6d4b" outcome="Passed" testListId="8c84fa94-04c1-424b-9868-57a2d4851a1d" relativeResultsDirectory="fe31da24-ef75-48ae-88ed-538d4df48486" />
    <UnitTestResult executionId="4b691cc4-cd3a-4c41-8d5b-988b0506f4ac" testId="623736ce-f5ec-93cd-b71b-ef5498b905bc" testName="OnlineSupermarket.Infrastructure.Tests.Jobs.JobErrorSanitizerTests.Keeps_plain_text_query_values_intact" computerName="MTM" duration="00:00:00.0001512" startTime="2026-09-07T12:44:46.8810693+07:00" endTime="2026-09-07T12:44:46.8811459+07:00" testType="13cdc9d9-ddb5-4fa4-a97d-d965ccfc6d4b" outcome="Passed" testListId="8c84fa94-04c1-424b-9868-57a2d4851a1d" relativeResultsDirectory="4b691cc4-cd3a-4c41-8d5b-988b0506f4ac" />
    <UnitTestResult executionId="e6442b37-c018-4c11-84fa-7bee8def79d6" testId="31a258dc-0491-4416-a221-30f4669e83d2" testName="OnlineSupermarket.Infrastructure.Tests.Jobs.JobErrorSanitizerTests.Truncates_undersized_messages_untouched_and_at_length_boundary" computerName="MTM" duration="00:00:00.0011405" startTime="2026-09-07T12:44:46.8816355+07:00" endTime="2026-09-07T12:44:46.8816956+07:00" testType="13cdc9d9-ddb5-4fa4-a97d-d965ccfc6d4b" outcome="Passed" testListId="8c84fa94-04c1-424b-9868-57a2d4851a1d" relativeResultsDirectory="e6442b37-c018-4c11-84fa-7bee8def79d6" />
    <UnitTestResult executionId="4bca24ac-bb93-4a2d-97cd-3f2ed3b3e127" testId="5932343d-bb70-8341-3e02-1652815fc6c6" testName="OnlineSupermarket.Infrastructure.Tests.Jobs.JobErrorSanitizerTests.Redacts_quoted_credentials" computerName="MTM" duration="00:00:00.0004632" startTime="2026-09-07T12:44:46.8354232+07:00" endTime="2026-09-07T12:44:46.8355195+07:00" testType="13cdc9d9-ddb5-4fa4-a97d-d965ccfc6d4b" outcome="Passed" testListId="8c84fa94-04c1-424b-9868-57a2d4851a1d" relativeResultsDirectory="4bca24ac-bb93-4a2d-97cd-3f2ed3b3e127" />
    <UnitTestResult executionId="0c7a24cb-d774-4f3d-adac-9cb9c9bcadf1" testId="409599b0-8496-93ad-2c6f-2ee722dca0fd" testName="OnlineSupermarket.Infrastructure.Tests.Jobs.JobRunExecutorTests.ThrowingHandler_FailsRun_WithSanitizedError" computerName="MTM" duration="00:00:00.0056451" startTime="2026-09-07T12:44:48.1907295+07:00" endTime="2026-09-07T12:44:48.1967243+07:00" testType="13cdc9d9-ddb5-4fa4-a97d-d965ccfc6d4b" outcome="Passed" testListId="8c84fa94-04c1-424b-9868-57a2d4851a1d" relativeResultsDirectory="0c7a24cb-d774-4f3d-adac-9cb9c9bcadf1" />
    <UnitTestResult executionId="1a7bc9a0-d207-4f25-8763-180c0f678a8f" testId="a02bc614-364b-71a4-2fe8-46d8f70eac94" testName="OnlineSupermarket.Infrastructure.Tests.Jobs.JobErrorSanitizerTests.Sanitizes_credentials_and_stack_trace" computerName="MTM" duration="00:00:00.0070247" startTime="2026-09-07T12:44:46.8371575+07:00" endTime="2026-09-07T12:44:46.8385137+07:00" testType="13cdc9d9-ddb5-4fa4-a97d-d965ccfc6d4b" outcome="Passed" testListId="8c84fa94-04c1-424b-9868-57a2d4851a1d" relativeResultsDirectory="1a7bc9a0-d207-4f25-8763-180c0f678a8f" />
    <UnitTestResult executionId="aa03e8c7-2b97-4276-9521-eebc144ddcae" testId="4cb56896-1f00-4ec0-51e8-eec1d5a2cec3" testName="OnlineSupermarket.Infrastructure.Tests.Jobs.JobErrorSanitizerTests.Redacts_quoted_json_key_with_space_before_colon" computerName="MTM" duration="00:00:00.0001731" startTime="2026-09-07T12:44:46.8365983+07:00" endTime="2026-09-07T12:44:46.8366583+07:00" testType="13cdc9d9-ddb5-4fa4-a97d-d965ccfc6d4b" outcome="Passed" testListId="8c84fa94-04c1-424b-9868-57a2d4851a1d" relativeResultsDirectory="aa03e8c7-2b97-4276-9521-eebc144ddcae" />
    <UnitTestResult executionId="5ee545b7-164c-43a6-8798-bada48967fd5" testId="c3a0819b-2ae3-c2c0-a26d-006fa3286126" testName="OnlineSupermarket.Infrastructure.Tests.Jobs.JobErrorSanitizerTests.Truncation_boundary_uses_stable_prefix" computerName="MTM" duration="00:00:00.0050939" startTime="2026-09-07T12:44:46.8368152+07:00" endTime="2026-09-07T12:44:46.8368662+07:00" testType="13cdc9d9-ddb5-4fa4-a97d-d965ccfc6d4b" outcome="Passed" testListId="8c84fa94-04c1-424b-9868-57a2d4851a1d" relativeResultsDirectory="5ee545b7-164c-43a6-8798-bada48967fd5" />
    <UnitTestResult executionId="cd8ad0d2-9300-4aca-9e41-3c8de3089870" testId="8f2e0a76-6d8d-5d91-06d1-7ab07769c1b2" testName="OnlineSupermarket.Infrastructure.Tests.Jobs.JobRunExecutorTests.TerminalRun_IsNeverReused" computerName="MTM" duration="00:00:00.0085722" startTime="2026-09-07T12:44:48.1751486+07:00" endTime="2026-09-07T12:44:48.1840026+07:00" testType="13cdc9d9-ddb5-4fa4-a97d-d965ccfc6d4b" outcome="Passed" testListId="8c84fa94-04c1-424b-9868-57a2d4851a1d" relativeResultsDirectory="cd8ad0d2-9300-4aca-9e41-3c8de3089870" />
    <UnitTestResult executionId="fb2ef70d-2f54-4aff-87e3-a3c5fd822812" testId="f090a368-87ac-ccc8-4a8d-1c0b23109539" testName="OnlineSupermarket.Infrastructure.Tests.Jobs.JobRunExecutorTests.UnknownHandler_FailsRun_WithoutInvokingAnyHandler" computerName="MTM" duration="00:00:00.0504359" startTime="2026-09-07T12:44:48.1245419+07:00" endTime="2026-09-07T12:44:48.1749053+07:00" testType="13cdc9d9-ddb5-4fa4-a97d-d965ccfc6d4b" outcome="Passed" testListId="8c84fa94-04c1-424b-9868-57a2d4851a1d" relativeResultsDirectory="fb2ef70d-2f54-4aff-87e3-a3c5fd822812" />
    <UnitTestResult executionId="3a573822-16c3-49db-98c0-cb4f3a6a4615" testId="f9b26a21-2eee-118c-9afe-9c8f3ceee5b1" testName="OnlineSupermarket.Infrastructure.Tests.Jobs.JobRunExecutorTests.HeartbeatLoss_CancelsHandler_AndLeavesRunForRecovery" computerName="MTM" duration="00:00:01.3446910" startTime="2026-09-07T12:44:46.7741099+07:00" endTime="2026-09-07T12:44:48.1243303+07:00" testType="13cdc9d9-ddb5-4fa4-a97d-d965ccfc6d4b" outcome="Passed" testListId="8c84fa94-04c1-424b-9868-57a2d4851a1d" relativeResultsDirectory="3a573822-16c3-49db-98c0-cb4f3a6a4615" />
    <UnitTestResult executionId="df7bdead-037e-4457-9540-d4e4ab755118" testId="2c9a80bb-2b2c-0448-fda4-bd1f06cc1dff" testName="OnlineSupermarket.Infrastructure.Tests.Jobs.JobRunExecutorTests.HostCancellation_LeavesRunRunningForRecovery" computerName="MTM" duration="00:00:00.3162464" startTime="2026-09-07T12:44:48.2013127+07:00" endTime="2026-09-07T12:44:48.5179322+07:00" testType="13cdc9d9-ddb5-4fa4-a97d-d965ccfc6d4b" outcome="Passed" testListId="8c84fa94-04c1-424b-9868-57a2d4851a1d" relativeResultsDirectory="df7bdead-037e-4457-9540-d4e4ab755118" />
    <UnitTestResult executionId="0ccdf59a-55dd-443e-b8f0-fb8b5e6bb01c" testId="ff321af1-6c8c-b79e-6211-78ff6452044e" testName="OnlineSupermarket.Infrastructure.Tests.Jobs.JobErrorSanitizerTests.Redacts_quoted_json_key_before_colon" computerName="MTM" duration="00:00:00.0001854" startTime="2026-09-07T12:44:46.8369911+07:00" endTime="2026-09-07T12:44:46.8370374+07:00" testType="13cdc9d9-ddb5-4fa4-a97d-d965ccfc6d4b" outcome="Passed" testListId="8c84fa94-04c1-424b-9868-57a2d4851a1d" relativeResultsDirectory="0ccdf59a-55dd-443e-b8f0-fb8b5e6bb01c" />
    <UnitTestResult executionId="e8ad6a62-dea2-4f98-bfa8-c0201ccad5b5" testId="27bb57be-8d69-203a-70c3-54a6b902fcbb" testName="OnlineSupermarket.Infrastructure.Tests.Jobs.JobErrorSanitizerTests.Redacts_sensitive_uri_query_values" computerName="MTM" duration="00:00:00.0069128" startTime="2026-09-07T12:44:46.8819457+07:00" endTime="2026-09-07T12:44:46.8820089+07:00" testType="13cdc9d9-ddb5-4fa4-a97d-d965ccfc6d4b" outcome="Passed" testListId="8c84fa94-04c1-424b-9868-57a2d4851a1d" relativeResultsDirectory="e8ad6a62-dea2-4f98-bfa8-c0201ccad5b5" />
    <UnitTestResult executionId="83ad2e65-0f0e-489f-b472-c300baaab46f" testId="5b8fe07c-9e7b-beab-f326-9d89e3e7dbe8" testName="OnlineSupermarket.Infrastructure.Tests.Jobs.JobErrorSanitizerTests.Truncates_overlong_messages_to_limit_with_ellipsis" computerName="MTM" duration="00:00:00.0002270" startTime="2026-09-07T12:44:46.8387129+07:00" endTime="2026-09-07T12:44:46.8387634+07:00" testType="13cdc9d9-ddb5-4fa4-a97d-d965ccfc6d4b" outcome="Passed" testListId="8c84fa94-04c1-424b-9868-57a2d4851a1d" relativeResultsDirectory="83ad2e65-0f0e-489f-b472-c300baaab46f" />
    <UnitTestResult executionId="c0bf4061-7a41-442c-944f-24426c7a5376" testId="c2000715-1043-3113-9aab-ac936293c7be" testName="OnlineSupermarket.Infrastructure.Tests.Jobs.JobErrorSanitizerTests.Redacts_single_quoted_key_before_colon" computerName="MTM" duration="00:00:00.0341616" startTime="2026-09-07T12:44:46.7719650+07:00" endTime="2026-09-07T12:44:46.8169266+07:00" testType="13cdc9d9-ddb5-4fa4-a97d-d965ccfc6d4b" outcome="Passed" testListId="8c84fa94-04c1-424b-9868-57a2d4851a1d" relativeResultsDirectory="c0bf4061-7a41-442c-944f-24426c7a5376" />
    <UnitTestResult executionId="27d2b46e-66b1-4b32-893a-6ab6708789da" testId="0a4b3ff5-f81a-b422-bfa6-0a0aa18790d2" testName="OnlineSupermarket.Infrastructure.Tests.Jobs.JobRunExecutorTests.SuccessfulHandler_SucceedsRun_WithReleasedLock" computerName="MTM" duration="00:00:00.0070845" startTime="2026-09-07T12:44:48.5182461+07:00" endTime="2026-09-07T12:44:48.5257175+07:00" testType="13cdc9d9-ddb5-4fa4-a97d-d965ccfc6d4b" outcome="Passed" testListId="8c84fa94-04c1-424b-9868-57a2d4851a1d" relativeResultsDirectory="27d2b46e-66b1-4b32-893a-6ab6708789da" />
    <UnitTestResult executionId="0cd26331-7f36-4fe9-afb1-360d5f197bc7" testId="4862c04a-384a-4082-2f3d-c9f36f6cc013" testName="OnlineSupermarket.Infrastructure.Tests.Jobs.JobRunExecutorTests.DuplicateRequest_AlreadyRunning_IsSkipped" computerName="MTM" duration="00:00:00.0041501" startTime="2026-09-07T12:44:48.1993207+07:00" endTime="2026-09-07T12:44:48.2010391+07:00" testType="13cdc9d9-ddb5-4fa4-a97d-d965ccfc6d4b" outcome="Passed" testListId="8c84fa94-04c1-424b-9868-57a2d4851a1d" relativeResultsDirectory="0cd26331-7f36-4fe9-afb1-360d5f197bc7" />
  </Results>
  <TestDefinitions>
    <UnitTest name="OnlineSupermarket.Infrastructure.Tests.Jobs.JobRunExecutorTests.DuplicateRequest_AlreadyRunning_IsSkipped" storage="c:\users\manh\documents\project3\online-supermarket-system\backend\tests\onlinesupermarket.infrastructure.tests\bin\debug\net10.0\onlinesupermarket.infrastructure.tests.dll" id="4862c04a-384a-4082-2f3d-c9f36f6cc013">
      <Execution id="0cd26331-7f36-4fe9-afb1-360d5f197bc7" />
      <TestMethod codeBase="C:\Users\manh\Documents\Project3\online-supermarket-system\backend\tests\OnlineSupermarket.Infrastructure.Tests\bin\Debug\net10.0\OnlineSupermarket.Infrastructure.Tests.dll" adapterTypeName="executor://xunit/VsTestRunner3/netcore/" className="OnlineSupermarket.Infrastructure.Tests.Jobs.JobRunExecutorTests" name="DuplicateRequest_AlreadyRunning_IsSkipped" />
    </UnitTest>
    <UnitTest name="OnlineSupermarket.Infrastructure.Tests.Jobs.JobErrorSanitizerTests.Keeps_plain_text_query_values_intact" storage="c:\users\manh\documents\project3\online-supermarket-system\backend\tests\onlinesupermarket.infrastructure.tests\bin\debug\net10.0\onlinesupermarket.infrastructure.tests.dll" id="623736ce-f5ec-93cd-b71b-ef5498b905bc">
      <Execution id="4b691cc4-cd3a-4c41-8d5b-988b0506f4ac" />
      <TestMethod codeBase="C:\Users\manh\Documents\Project3\online-supermarket-system\backend\tests\OnlineSupermarket.Infrastructure.Tests\bin\Debug\net10.0\OnlineSupermarket.Infrastructure.Tests.dll" adapterTypeName="executor://xunit/VsTestRunner3/netcore/" className="OnlineSupermarket.Infrastructure.Tests.Jobs.JobErrorSanitizerTests" name="Keeps_plain_text_query_values_intact" />
    </UnitTest>
    <UnitTest name="OnlineSupermarket.Infrastructure.Tests.Jobs.JobRunExecutorTests.HostCancellation_LeavesRunRunningForRecovery" storage="c:\users\manh\documents\project3\online-supermarket-system\backend\tests\onlinesupermarket.infrastructure.tests\bin\debug\net10.0\onlinesupermarket.infrastructure.tests.dll" id="2c9a80bb-2b2c-0448-fda4-bd1f06cc1dff">
      <Execution id="df7bdead-037e-4457-9540-d4e4ab755118" />
      <TestMethod codeBase="C:\Users\manh\Documents\Project3\online-supermarket-system\backend\tests\OnlineSupermarket.Infrastructure.Tests\bin\Debug\net10.0\OnlineSupermarket.Infrastructure.Tests.dll" adapterTypeName="executor://xunit/VsTestRunner3/netcore/" className="OnlineSupermarket.Infrastructure.Tests.Jobs.JobRunExecutorTests" name="HostCancellation_LeavesRunRunningForRecovery" />
    </UnitTest>
    <UnitTest name="OnlineSupermarket.Infrastructure.Tests.Jobs.JobErrorSanitizerTests.Sanitizes_credentials_and_stack_trace" storage="c:\users\manh\documents\project3\online-supermarket-system\backend\tests\onlinesupermarket.infrastructure.tests\bin\debug\net10.0\onlinesupermarket.infrastructure.tests.dll" id="a02bc614-364b-71a4-2fe8-46d8f70eac94">
      <Execution id="1a7bc9a0-d207-4f25-8763-180c0f678a8f" />
      <TestMethod codeBase="C:\Users\manh\Documents\Project3\online-supermarket-system\backend\tests\OnlineSupermarket.Infrastructure.Tests\bin\Debug\net10.0\OnlineSupermarket.Infrastructure.Tests.dll" adapterTypeName="executor://xunit/VsTestRunner3/netcore/" className="OnlineSupermarket.Infrastructure.Tests.Jobs.JobErrorSanitizerTests" name="Sanitizes_credentials_and_stack_trace" />
    </UnitTest>
    <UnitTest name="OnlineSupermarket.Infrastructure.Tests.Jobs.JobRunExecutorTests.ThrowingHandler_RedactsSyntheticSecretMarker_FromErrorSummaryAndLogs" storage="c:\users\manh\documents\project3\online-supermarket-system\backend\tests\onlinesupermarket.infrastructure.tests\bin\debug\net10.0\onlinesupermarket.infrastructure.tests.dll" id="6611e777-0663-db2a-6335-f5686ff6d927">
      <Execution id="f86c3b8f-824d-4ea7-8ac4-ae47256695ad" />
      <TestMethod codeBase="C:\Users\manh\Documents\Project3\online-supermarket-system\backend\tests\OnlineSupermarket.Infrastructure.Tests\bin\Debug\net10.0\OnlineSupermarket.Infrastructure.Tests.dll" adapterTypeName="executor://xunit/VsTestRunner3/netcore/" className="OnlineSupermarket.Infrastructure.Tests.Jobs.JobRunExecutorTests" name="ThrowingHandler_RedactsSyntheticSecretMarker_FromErrorSummaryAndLogs" />
    </UnitTest>
    <UnitTest name="OnlineSupermarket.Infrastructure.Tests.Jobs.JobErrorSanitizerTests.Redacts_quoted_json_key_with_space_before_colon" storage="c:\users\manh\documents\project3\online-supermarket-system\backend\tests\onlinesupermarket.infrastructure.tests\bin\debug\net10.0\onlinesupermarket.infrastructure.tests.dll" id="4cb56896-1f00-4ec0-51e8-eec1d5a2cec3">
      <Execution id="aa03e8c7-2b97-4276-9521-eebc144ddcae" />
      <TestMethod codeBase="C:\Users\manh\Documents\Project3\online-supermarket-system\backend\tests\OnlineSupermarket.Infrastructure.Tests\bin\Debug\net10.0\OnlineSupermarket.Infrastructure.Tests.dll" adapterTypeName="executor://xunit/VsTestRunner3/netcore/" className="OnlineSupermarket.Infrastructure.Tests.Jobs.JobErrorSanitizerTests" name="Redacts_quoted_json_key_with_space_before_colon" />
    </UnitTest>
    <UnitTest name="OnlineSupermarket.Infrastructure.Tests.Jobs.JobRunExecutorTests.SuccessfulHandler_SucceedsRun_WithReleasedLock" storage="c:\users\manh\documents\project3\online-supermarket-system\backend\tests\onlinesupermarket.infrastructure.tests\bin\debug\net10.0\onlinesupermarket.infrastructure.tests.dll" id="0a4b3ff5-f81a-b422-bfa6-0a0aa18790d2">
      <Execution id="27d2b46e-66b1-4b32-893a-6ab6708789da" />
      <TestMethod codeBase="C:\Users\manh\Documents\Project3\online-supermarket-system\backend\tests\OnlineSupermarket.Infrastructure.Tests\bin\Debug\net10.0\OnlineSupermarket.Infrastructure.Tests.dll" adapterTypeName="executor://xunit/VsTestRunner3/netcore/" className="OnlineSupermarket.Infrastructure.Tests.Jobs.JobRunExecutorTests" name="SuccessfulHandler_SucceedsRun_WithReleasedLock" />
    </UnitTest>
    <UnitTest name="OnlineSupermarket.Infrastructure.Tests.Jobs.JobErrorSanitizerTests.Redacts_single_quoted_key_before_colon" storage="c:\users\manh\documents\project3\online-supermarket-system\backend\tests\onlinesupermarket.infrastructure.tests\bin\debug\net10.0\onlinesupermarket.infrastructure.tests.dll" id="c2000715-1043-3113-9aab-ac936293c7be">
      <Execution id="c0bf4061-7a41-442c-944f-24426c7a5376" />
      <TestMethod codeBase="C:\Users\manh\Documents\Project3\online-supermarket-system\backend\tests\OnlineSupermarket.Infrastructure.Tests\bin\Debug\net10.0\OnlineSupermarket.Infrastructure.Tests.dll" adapterTypeName="executor://xunit/VsTestRunner3/netcore/" className="OnlineSupermarket.Infrastructure.Tests.Jobs.JobErrorSanitizerTests" name="Redacts_single_quoted_key_before_colon" />
    </UnitTest>
    <UnitTest name="OnlineSupermarket.Infrastructure.Tests.Jobs.JobRunExecutorTests.ThrowingHandler_FailsRun_WithSanitizedError" storage="c:\users\manh\documents\project3\online-supermarket-system\backend\tests\onlinesupermarket.infrastructure.tests\bin\debug\net10.0\onlinesupermarket.infrastructure.tests.dll" id="409599b0-8496-93ad-2c6f-2ee722dca0fd">
      <Execution id="0c7a24cb-d774-4f3d-adac-9cb9c9bcadf1" />
      <TestMethod codeBase="C:\Users\manh\Documents\Project3\online-supermarket-system\backend\tests\OnlineSupermarket.Infrastructure.Tests\bin\Debug\net10.0\OnlineSupermarket.Infrastructure.Tests.dll" adapterTypeName="executor://xunit/VsTestRunner3/netcore/" className="OnlineSupermarket.Infrastructure.Tests.Jobs.JobRunExecutorTests" name="ThrowingHandler_FailsRun_WithSanitizedError" />
    </UnitTest>
    <UnitTest name="OnlineSupermarket.Infrastructure.Tests.Jobs.JobErrorSanitizerTests.Truncation_boundary_uses_stable_prefix" storage="c:\users\manh\documents\project3\online-supermarket-system\backend\tests\onlinesupermarket.infrastructure.tests\bin\debug\net10.0\onlinesupermarket.infrastructure.tests.dll" id="c3a0819b-2ae3-c2c0-a26d-006fa3286126">
      <Execution id="5ee545b7-164c-43a6-8798-bada48967fd5" />
      <TestMethod codeBase="C:\Users\manh\Documents\Project3\online-supermarket-system\backend\tests\OnlineSupermarket.Infrastructure.Tests\bin\Debug\net10.0\OnlineSupermarket.Infrastructure.Tests.dll" adapterTypeName="executor://xunit/VsTestRunner3/netcore/" className="OnlineSupermarket.Infrastructure.Tests.Jobs.JobErrorSanitizerTests" name="Truncation_boundary_uses_stable_prefix" />
    </UnitTest>
    <UnitTest name="OnlineSupermarket.Infrastructure.Tests.Jobs.JobErrorSanitizerTests.Truncates_undersized_messages_untouched_and_at_length_boundary" storage="c:\users\manh\documents\project3\online-supermarket-system\backend\tests\onlinesupermarket.infrastructure.tests\bin\debug\net10.0\onlinesupermarket.infrastructure.tests.dll" id="31a258dc-0491-4416-a221-30f4669e83d2">
      <Execution id="e6442b37-c018-4c11-84fa-7bee8def79d6" />
      <TestMethod codeBase="C:\Users\manh\Documents\Project3\online-supermarket-system\backend\tests\OnlineSupermarket.Infrastructure.Tests\bin\Debug\net10.0\OnlineSupermarket.Infrastructure.Tests.dll" adapterTypeName="executor://xunit/VsTestRunner3/netcore/" className="OnlineSupermarket.Infrastructure.Tests.Jobs.JobErrorSanitizerTests" name="Truncates_undersized_messages_untouched_and_at_length_boundary" />
    </UnitTest>
    <UnitTest name="OnlineSupermarket.Infrastructure.Tests.Jobs.JobRunExecutorTests.TerminalRun_IsNeverReused" storage="c:\users\manh\documents\project3\online-supermarket-system\backend\tests\onlinesupermarket.infrastructure.tests\bin\debug\net10.0\onlinesupermarket.infrastructure.tests.dll" id="8f2e0a76-6d8d-5d91-06d1-7ab07769c1b2">
      <Execution id="cd8ad0d2-9300-4aca-9e41-3c8de3089870" />
      <TestMethod codeBase="C:\Users\manh\Documents\Project3\online-supermarket-system\backend\tests\OnlineSupermarket.Infrastructure.Tests\bin\Debug\net10.0\OnlineSupermarket.Infrastructure.Tests.dll" adapterTypeName="executor://xunit/VsTestRunner3/netcore/" className="OnlineSupermarket.Infrastructure.Tests.Jobs.JobRunExecutorTests" name="TerminalRun_IsNeverReused" />
    </UnitTest>
    <UnitTest name="OnlineSupermarket.Infrastructure.Tests.Jobs.JobErrorSanitizerTests.Redacts_quoted_json_key_before_colon" storage="c:\users\manh\documents\project3\online-supermarket-system\backend\tests\onlinesupermarket.infrastructure.tests\bin\debug\net10.0\onlinesupermarket.infrastructure.tests.dll" id="ff321af1-6c8c-b79e-6211-78ff6452044e">
      <Execution id="0ccdf59a-55dd-443e-b8f0-fb8b5e6bb01c" />
      <TestMethod codeBase="C:\Users\manh\Documents\Project3\online-supermarket-system\backend\tests\OnlineSupermarket.Infrastructure.Tests\bin\Debug\net10.0\OnlineSupermarket.Infrastructure.Tests.dll" adapterTypeName="executor://xunit/VsTestRunner3/netcore/" className="OnlineSupermarket.Infrastructure.Tests.Jobs.JobErrorSanitizerTests" name="Redacts_quoted_json_key_before_colon" />
    </UnitTest>
    <UnitTest name="OnlineSupermarket.Infrastructure.Tests.Jobs.JobErrorSanitizerTests.Truncates_overlong_messages_to_limit_with_ellipsis" storage="c:\users\manh\documents\project3\online-supermarket-system\backend\tests\onlinesupermarket.infrastructure.tests\bin\debug\net10.0\onlinesupermarket.infrastructure.tests.dll" id="5b8fe07c-9e7b-beab-f326-9d89e3e7dbe8">
      <Execution id="83ad2e65-0f0e-489f-b472-c300baaab46f" />
      <TestMethod codeBase="C:\Users\manh\Documents\Project3\online-supermarket-system\backend\tests\OnlineSupermarket.Infrastructure.Tests\bin\Debug\net10.0\OnlineSupermarket.Infrastructure.Tests.dll" adapterTypeName="executor://xunit/VsTestRunner3/netcore/" className="OnlineSupermarket.Infrastructure.Tests.Jobs.JobErrorSanitizerTests" name="Truncates_overlong_messages_to_limit_with_ellipsis" />
    </UnitTest>
    <UnitTest name="OnlineSupermarket.Infrastructure.Tests.Jobs.RecurringJobSchedulerTests.Scheduler_IterationException_RedactsSyntheticSecretMarkerInLog" storage="c:\users\manh\documents\project3\online-supermarket-system\backend\tests\onlinesupermarket.infrastructure.tests\bin\debug\net10.0\onlinesupermarket.infrastructure.tests.dll" id="cbb97fb2-9cb3-5c11-db4a-958c337bca95">
      <Execution id="fe31da24-ef75-48ae-88ed-538d4df48486" />
      <TestMethod codeBase="C:\Users\manh\Documents\Project3\online-supermarket-system\backend\tests\OnlineSupermarket.Infrastructure.Tests\bin\Debug\net10.0\OnlineSupermarket.Infrastructure.Tests.dll" adapterTypeName="executor://xunit/VsTestRunner3/netcore/" className="OnlineSupermarket.Infrastructure.Tests.Jobs.RecurringJobSchedulerTests" name="Scheduler_IterationException_RedactsSyntheticSecretMarkerInLog" />
    </UnitTest>
    <UnitTest name="OnlineSupermarket.Infrastructure.Tests.Jobs.JobRunExecutorTests.UnknownHandler_FailsRun_WithoutInvokingAnyHandler" storage="c:\users\manh\documents\project3\online-supermarket-system\backend\tests\onlinesupermarket.infrastructure.tests\bin\debug\net10.0\onlinesupermarket.infrastructure.tests.dll" id="f090a368-87ac-ccc8-4a8d-1c0b23109539">
      <Execution id="fb2ef70d-2f54-4aff-87e3-a3c5fd822812" />
      <TestMethod codeBase="C:\Users\manh\Documents\Project3\online-supermarket-system\backend\tests\OnlineSupermarket.Infrastructure.Tests\bin\Debug\net10.0\OnlineSupermarket.Infrastructure.Tests.dll" adapterTypeName="executor://xunit/VsTestRunner3/netcore/" className="OnlineSupermarket.Infrastructure.Tests.Jobs.JobRunExecutorTests" name="UnknownHandler_FailsRun_WithoutInvokingAnyHandler" />
    </UnitTest>
    <UnitTest name="OnlineSupermarket.Infrastructure.Tests.Jobs.JobErrorSanitizerTests.Redacts_quoted_credentials" storage="c:\users\manh\documents\project3\online-supermarket-system\backend\tests\onlinesupermarket.infrastructure.tests\bin\debug\net10.0\onlinesupermarket.infrastructure.tests.dll" id="5932343d-bb70-8341-3e02-1652815fc6c6">
      <Execution id="4bca24ac-bb93-4a2d-97cd-3f2ed3b3e127" />
      <TestMethod codeBase="C:\Users\manh\Documents\Project3\online-supermarket-system\backend\tests\OnlineSupermarket.Infrastructure.Tests\bin\Debug\net10.0\OnlineSupermarket.Infrastructure.Tests.dll" adapterTypeName="executor://xunit/VsTestRunner3/netcore/" className="OnlineSupermarket.Infrastructure.Tests.Jobs.JobErrorSanitizerTests" name="Redacts_quoted_credentials" />
    </UnitTest>
    <UnitTest name="OnlineSupermarket.Infrastructure.Tests.Jobs.JobErrorSanitizerTests.Redacts_sensitive_uri_query_values" storage="c:\users\manh\documents\project3\online-supermarket-system\backend\tests\onlinesupermarket.infrastructure.tests\bin\debug\net10.0\onlinesupermarket.infrastructure.tests.dll" id="27bb57be-8d69-203a-70c3-54a6b902fcbb">
      <Execution id="e8ad6a62-dea2-4f98-bfa8-c0201ccad5b5" />
      <TestMethod codeBase="C:\Users\manh\Documents\Project3\online-supermarket-system\backend\tests\OnlineSupermarket.Infrastructure.Tests\bin\Debug\net10.0\OnlineSupermarket.Infrastructure.Tests.dll" adapterTypeName="executor://xunit/VsTestRunner3/netcore/" className="OnlineSupermarket.Infrastructure.Tests.Jobs.JobErrorSanitizerTests" name="Redacts_sensitive_uri_query_values" />
    </UnitTest>
    <UnitTest name="OnlineSupermarket.Infrastructure.Tests.Jobs.JobRunExecutorTests.HeartbeatLoss_CancelsHandler_AndLeavesRunForRecovery" storage="c:\users\manh\documents\project3\online-supermarket-system\backend\tests\onlinesupermarket.infrastructure.tests\bin\debug\net10.0\onlinesupermarket.infrastructure.tests.dll" id="f9b26a21-2eee-118c-9afe-9c8f3ceee5b1">
      <Execution id="3a573822-16c3-49db-98c0-cb4f3a6a4615" />
      <TestMethod codeBase="C:\Users\manh\Documents\Project3\online-supermarket-system\backend\tests\OnlineSupermarket.Infrastructure.Tests\bin\Debug\net10.0\OnlineSupermarket.Infrastructure.Tests.dll" adapterTypeName="executor://xunit/VsTestRunner3/netcore/" className="OnlineSupermarket.Infrastructure.Tests.Jobs.JobRunExecutorTests" name="HeartbeatLoss_CancelsHandler_AndLeavesRunForRecovery" />
    </UnitTest>
  </TestDefinitions>
  <TestEntries>
    <TestEntry testId="6611e777-0663-db2a-6335-f5686ff6d927" executionId="f86c3b8f-824d-4ea7-8ac4-ae47256695ad" testListId="8c84fa94-04c1-424b-9868-57a2d4851a1d" />
    <TestEntry testId="cbb97fb2-9cb3-5c11-db4a-958c337bca95" executionId="fe31da24-ef75-48ae-88ed-538d4df48486" testListId="8c84fa94-04c1-424b-9868-57a2d4851a1d" />
    <TestEntry testId="623736ce-f5ec-93cd-b71b-ef5498b905bc" executionId="4b691cc4-cd3a-4c41-8d5b-988b0506f4ac" testListId="8c84fa94-04c1-424b-9868-57a2d4851a1d" />
    <TestEntry testId="31a258dc-0491-4416-a221-30f4669e83d2" executionId="e6442b37-c018-4c11-84fa-7bee8def79d6" testListId="8c84fa94-04c1-424b-9868-57a2d4851a1d" />
    <TestEntry testId="5932343d-bb70-8341-3e02-1652815fc6c6" executionId="4bca24ac-bb93-4a2d-97cd-3f2ed3b3e127" testListId="8c84fa94-04c1-424b-9868-57a2d4851a1d" />
    <TestEntry testId="409599b0-8496-93ad-2c6f-2ee722dca0fd" executionId="0c7a24cb-d774-4f3d-adac-9cb9c9bcadf1" testListId="8c84fa94-04c1-424b-9868-57a2d4851a1d" />
    <TestEntry testId="a02bc614-364b-71a4-2fe8-46d8f70eac94" executionId="1a7bc9a0-d207-4f25-8763-180c0f678a8f" testListId="8c84fa94-04c1-424b-9868-57a2d4851a1d" />
    <TestEntry testId="4cb56896-1f00-4ec0-51e8-eec1d5a2cec3" executionId="aa03e8c7-2b97-4276-9521-eebc144ddcae" testListId="8c84fa94-04c1-424b-9868-57a2d4851a1d" />
    <TestEntry testId="c3a0819b-2ae3-c2c0-a26d-006fa3286126" executionId="5ee545b7-164c-43a6-8798-bada48967fd5" testListId="8c84fa94-04c1-424b-9868-57a2d4851a1d" />
    <TestEntry testId="8f2e0a76-6d8d-5d91-06d1-7ab07769c1b2" executionId="cd8ad0d2-9300-4aca-9e41-3c8de3089870" testListId="8c84fa94-04c1-424b-9868-57a2d4851a1d" />
    <TestEntry testId="f090a368-87ac-ccc8-4a8d-1c0b23109539" executionId="fb2ef70d-2f54-4aff-87e3-a3c5fd822812" testListId="8c84fa94-04c1-424b-9868-57a2d4851a1d" />
    <TestEntry testId="f9b26a21-2eee-118c-9afe-9c8f3ceee5b1" executionId="3a573822-16c3-49db-98c0-cb4f3a6a4615" testListId="8c84fa94-04c1-424b-9868-57a2d4851a1d" />
    <TestEntry testId="2c9a80bb-2b2c-0448-fda4-bd1f06cc1dff" executionId="df7bdead-037e-4457-9540-d4e4ab755118" testListId="8c84fa94-04c1-424b-9868-57a2d4851a1d" />
    <TestEntry testId="ff321af1-6c8c-b79e-6211-78ff6452044e" executionId="0ccdf59a-55dd-443e-b8f0-fb8b5e6bb01c" testListId="8c84fa94-04c1-424b-9868-57a2d4851a1d" />
    <TestEntry testId="27bb57be-8d69-203a-70c3-54a6b902fcbb" executionId="e8ad6a62-dea2-4f98-bfa8-c0201ccad5b5" testListId="8c84fa94-04c1-424b-9868-57a2d4851a1d" />
    <TestEntry testId="5b8fe07c-9e7b-beab-f326-9d89e3e7dbe8" executionId="83ad2e65-0f0e-489f-b472-c300baaab46f" testListId="8c84fa94-04c1-424b-9868-57a2d4851a1d" />
    <TestEntry testId="c2000715-1043-3113-9aab-ac936293c7be" executionId="c0bf4061-7a41-442c-944f-24426c7a5376" testListId="8c84fa94-04c1-424b-9868-57a2d4851a1d" />
    <TestEntry testId="0a4b3ff5-f81a-b422-bfa6-0a0aa18790d2" executionId="27d2b46e-66b1-4b32-893a-6ab6708789da" testListId="8c84fa94-04c1-424b-9868-57a2d4851a1d" />
    <TestEntry testId="4862c04a-384a-4082-2f3d-c9f36f6cc013" executionId="0cd26331-7f36-4fe9-afb1-360d5f197bc7" testListId="8c84fa94-04c1-424b-9868-57a2d4851a1d" />
  </TestEntries>
  <TestLists>
    <TestList name="Results Not in a List" id="8c84fa94-04c1-424b-9868-57a2d4851a1d" />
    <TestList name="All Loaded Results" id="19431567-8539-422a-85d7-44ee4e166bda" />
  </TestLists>
  <ResultSummary outcome="Completed">
    <Counters total="19" executed="19" passed="19" failed="0" error="0" timeout="0" aborted="0" inconclusive="0" passedButRunAborted="0" notRunnable="0" notExecuted="0" disconnected="0" warning="0" completed="0" inProgress="0" pending="0" />
    <Output>
      <StdOut>[xUnit.net 00:00:00.00] xUnit.net VSTest Adapter v3.1.4+50e68bbb8b (64-bit .NET 10.0.11)&#xD;
[xUnit.net 00:00:00.13]   Discovering: OnlineSupermarket.Infrastructure.Tests&#xD;
[xUnit.net 00:00:00.23]   Discovered:  OnlineSupermarket.Infrastructure.Tests&#xD;
[xUnit.net 00:00:00.26]   Starting:    OnlineSupermarket.Infrastructure.Tests&#xD;
[xUnit.net 00:00:02.06]   Finished:    OnlineSupermarket.Infrastructure.Tests&#xD;
</StdOut>
    </Output>
  </ResultSummary>
</TestRun>