 Image clean-test-api Building 
 Image clean-test-frontend Building 
#1 [internal] load local bake definitions
#1 reading from stdin 1.16kB done
#1 DONE 0.0s

#2 [api internal] load build definition from Dockerfile
#2 transferring dockerfile: 569B 0.0s done
#2 DONE 0.0s

#3 [frontend internal] load build definition from Dockerfile
#3 transferring dockerfile: 420B done
#3 DONE 0.0s

#4 [frontend internal] load metadata for docker.io/library/nginx:1.29-alpine
#4 ...

#5 [api internal] load metadata for mcr.microsoft.com/dotnet/sdk:10.0
#5 DONE 0.7s

#6 [api internal] load metadata for mcr.microsoft.com/dotnet/aspnet:10.0
#6 DONE 0.7s

#7 [api internal] load .dockerignore
#7 transferring context: 117B done
#7 DONE 0.0s

#8 [api build 1/6] FROM mcr.microsoft.com/dotnet/sdk:10.0@sha256:e1ffd2a92ae84c1291bc1b6887501f8af98e6331e7af6d4c8d37168c5e87a64c
#8 resolve mcr.microsoft.com/dotnet/sdk:10.0@sha256:e1ffd2a92ae84c1291bc1b6887501f8af98e6331e7af6d4c8d37168c5e87a64c 0.0s done
#8 DONE 0.0s

#9 [api runtime 1/3] FROM mcr.microsoft.com/dotnet/aspnet:10.0@sha256:a4556ed033fa96f984bb7a8d348851cb2d36b1281dd2420070045f664fbb5f94
#9 resolve mcr.microsoft.com/dotnet/aspnet:10.0@sha256:a4556ed033fa96f984bb7a8d348851cb2d36b1281dd2420070045f664fbb5f94 0.0s done
#9 DONE 0.0s

#10 [api internal] load build context
#10 ...

#4 [frontend internal] load metadata for docker.io/library/nginx:1.29-alpine
#4 DONE 1.0s

#10 [api internal] load build context
#10 transferring context: 12.52MB 1.3s done
#10 DONE 1.4s

#11 [api build 2/6] WORKDIR /src
#11 CACHED

#12 [api build 3/6] COPY global.json Directory.Build.props OnlineSupermarket.slnx ./
#12 CACHED

#13 [api build 4/6] COPY backend ./backend
#13 ...

#14 [frontend internal] load metadata for docker.io/library/node:24-alpine
#14 DONE 2.3s

#7 [frontend internal] load .dockerignore
#7 transferring context: 117B done
#7 DONE 0.0s

#15 [frontend runtime 1/3] FROM docker.io/library/nginx:1.29-alpine@sha256:5616878291a2eed594aee8db4dade5878cf7edcb475e59193904b198d9b830de
#15 resolve docker.io/library/nginx:1.29-alpine@sha256:5616878291a2eed594aee8db4dade5878cf7edcb475e59193904b198d9b830de 0.0s done
#15 DONE 0.0s

#16 [frontend build 1/6] FROM docker.io/library/node:24-alpine@sha256:e67514e5d0f6c46656005e1b693b2ec9d52e80b641307de684d4a015ba7a4eaf
#16 resolve docker.io/library/node:24-alpine@sha256:e67514e5d0f6c46656005e1b693b2ec9d52e80b641307de684d4a015ba7a4eaf 0.0s done
#16 DONE 0.0s

#17 [frontend internal] load build context
#17 transferring context: 960.35kB 0.1s done
#17 DONE 0.2s

#18 [frontend build 4/6] RUN npm ci
#18 CACHED

#19 [frontend runtime 2/3] COPY frontend/nginx.conf /etc/nginx/conf.d/default.conf
#19 CACHED

#20 [frontend build 2/6] WORKDIR /app
#20 CACHED

#21 [frontend build 3/6] COPY frontend/package.json frontend/package-lock.json ./
#21 CACHED

#22 [frontend build 5/6] COPY frontend ./
#22 CACHED

#23 [frontend build 6/6] RUN npm run build
#23 CACHED

#24 [frontend runtime 3/3] COPY --from=build /app/dist /usr/share/nginx/html
#24 CACHED

#25 [frontend] exporting to image
#25 exporting layers done
#25 exporting manifest sha256:b5b46e844ee5847944f03ee933d8c9e14a37db34c6dd34f164e23284648e593a done
#25 exporting config sha256:f205cf8f8319409baec6daad2117f18967b313d7efae754484d40534d191da4d done
#25 exporting attestation manifest sha256:3e0b4f740ecdbfa2842d0587edf2066e225bc48739053d50f62f737bcb3b91dc 0.0s done
#25 exporting manifest list sha256:f5bcea14fdd397943bea84afdadbd05b02a64f2a7df0336797fac90857a9572a 0.0s done
#25 naming to docker.io/library/clean-test-frontend:latest done
#25 unpacking to docker.io/library/clean-test-frontend:latest 0.0s done
#25 DONE 0.2s

#13 [api build 4/6] COPY backend ./backend
#13 DONE 0.6s

#26 [api build 5/6] RUN dotnet restore OnlineSupermarket.slnx
#26 ...

#27 [frontend] resolving provenance for metadata file
#27 DONE 0.0s

#26 [api build 5/6] RUN dotnet restore OnlineSupermarket.slnx
#26 1.831   Determining projects to restore...
#26 2.932   Restored /src/backend/src/OnlineSupermarket.Domain/OnlineSupermarket.Domain.csproj (in 165 ms).
#26 17.69   Restored /src/backend/tests/OnlineSupermarket.Domain.Tests/OnlineSupermarket.Domain.Tests.csproj (in 14.86 sec).
#26 17.72   Restored /src/backend/tests/OnlineSupermarket.Api.Tests/OnlineSupermarket.Api.Tests.csproj (in 14.97 sec).
#26 17.74   Restored /src/backend/src/OnlineSupermarket.Infrastructure/OnlineSupermarket.Infrastructure.csproj (in 15 sec).
#26 17.74   Restored /src/backend/src/OnlineSupermarket.Api/OnlineSupermarket.Api.csproj (in 15 sec).
#26 19.56   Restored /src/backend/tests/OnlineSupermarket.Infrastructure.Tests/OnlineSupermarket.Infrastructure.Tests.csproj (in 16.82 sec).
#26 DONE 19.8s

#28 [api build 6/6] RUN dotnet publish backend/src/OnlineSupermarket.Api/OnlineSupermarket.Api.csproj     --configuration Release     --no-restore     --output /app/publish
#28 5.780   OnlineSupermarket.Domain -> /src/backend/src/OnlineSupermarket.Domain/bin/Release/net10.0/OnlineSupermarket.Domain.dll
#28 9.784   OnlineSupermarket.Infrastructure -> /src/backend/src/OnlineSupermarket.Infrastructure/bin/Release/net10.0/OnlineSupermarket.Infrastructure.dll
#28 13.33   OnlineSupermarket.Api -> /src/backend/src/OnlineSupermarket.Api/bin/Release/net10.0/OnlineSupermarket.Api.dll
#28 13.46   OnlineSupermarket.Api -> /app/publish/
#28 DONE 13.7s

#29 [api runtime 2/3] WORKDIR /app
#29 CACHED

#30 [api runtime 3/3] COPY --from=build /app/publish .
#30 DONE 0.1s

#31 [api] exporting to image
#31 exporting layers
#31 exporting layers 1.0s done
#31 exporting manifest sha256:cd1bf24204b01ef3086398ac098ef7bf7e7db31456b1086913fd7455ab5982cb 0.0s done
#31 exporting config sha256:8e605fc90612b40ea554a87cf87b775d7f0d8432bc1ee0d4a672d66226ddd412 0.0s done
#31 exporting attestation manifest sha256:8fa4438426e173e86280212d0e58239688a539ecf5a6ce7f2ccb9e0c3d377fd7 0.0s done
#31 exporting manifest list sha256:a41fdd8f11a0f203cebd74ea3e1436afd6559fab7aee79d23bb624f0c90393f5
#31 exporting manifest list sha256:a41fdd8f11a0f203cebd74ea3e1436afd6559fab7aee79d23bb624f0c90393f5 0.0s done
#31 naming to docker.io/library/clean-test-api:latest done
#31 unpacking to docker.io/library/clean-test-api:latest
#31 unpacking to docker.io/library/clean-test-api:latest 0.3s done
#31 DONE 1.5s

#32 [api] resolving provenance for metadata file
#32 DONE 0.0s
 Image clean-test-api Built 
 Image clean-test-frontend Built 
 Container clean-test-mysql-1 Running 
 Container clean-test-api-1 Recreate 
 Container clean-test-api-1 Recreated 
 Container clean-test-frontend-1 Recreate 
 Container clean-test-frontend-1 Recreated 
 Container clean-test-mysql-1 Waiting 
 Container clean-test-mysql-1 Healthy 
 Container clean-test-api-1 Starting 
 Container clean-test-api-1 Started 
 Container clean-test-frontend-1 Starting 
 Container clean-test-frontend-1 Started 
